Component: ARM Compiler 5.06 update 5 (build 528) Tool: armlink [4d35e2]

==============================================================================

Section Cross References

    startup_stm32f10x_md.o(RESET) refers to startup_stm32f10x_md.o(STACK) for __initial_sp
    startup_stm32f10x_md.o(RESET) refers to startup_stm32f10x_md.o(.text) for Reset_Handler
    startup_stm32f10x_md.o(RESET) refers to stm32f10x_it.o(i.NMI_Handler) for NMI_Handler
    startup_stm32f10x_md.o(RESET) refers to stm32f10x_it.o(i.HardFault_Handler) for HardFault_Handler
    startup_stm32f10x_md.o(RESET) refers to stm32f10x_it.o(i.MemManage_Handler) for MemManage_Handler
    startup_stm32f10x_md.o(RESET) refers to stm32f10x_it.o(i.BusFault_Handler) for BusFault_Handler
    startup_stm32f10x_md.o(RESET) refers to stm32f10x_it.o(i.UsageFault_Handler) for UsageFault_Handler
    startup_stm32f10x_md.o(RESET) refers to stm32f10x_it.o(i.SVC_Handler) for SVC_Handler
    startup_stm32f10x_md.o(RESET) refers to stm32f10x_it.o(i.DebugMon_Handler) for DebugMon_Handler
    startup_stm32f10x_md.o(RESET) refers to stm32f10x_it.o(i.PendSV_Handler) for PendSV_Handler
    startup_stm32f10x_md.o(RESET) refers to stm32f10x_it.o(i.SysTick_Handler) for SysTick_Handler
    startup_stm32f10x_md.o(RESET) refers to main.o(i.TIM3_IRQHandler) for TIM3_IRQHandler
    startup_stm32f10x_md.o(RESET) refers to usart1.o(i.USART1_IRQHandler) for USART1_IRQHandler
    startup_stm32f10x_md.o(RESET) refers to usart2.o(i.USART2_IRQHandler) for USART2_IRQHandler
    startup_stm32f10x_md.o(RESET) refers to usart3_wabcam.o(i.USART3_IRQHandler) for USART3_IRQHandler
    startup_stm32f10x_md.o(RESET) refers to exti2_countsensor.o(i.EXTI15_10_IRQHandler) for EXTI15_10_IRQHandler
    startup_stm32f10x_md.o(.text) refers to system_stm32f10x.o(i.SystemInit) for SystemInit
    startup_stm32f10x_md.o(.text) refers to entry.o(.ARM.Collect$$$$00000000) for __main
    system_stm32f10x.o(i.SetSysClock) refers to system_stm32f10x.o(i.SetSysClockTo72) for SetSysClockTo72
    system_stm32f10x.o(i.SystemCoreClockUpdate) refers to system_stm32f10x.o(.data) for SystemCoreClock
    system_stm32f10x.o(i.SystemInit) refers to system_stm32f10x.o(i.SetSysClock) for SetSysClock
    stm32f10x_adc.o(i.ADC_DeInit) refers to stm32f10x_rcc.o(i.RCC_APB2PeriphResetCmd) for RCC_APB2PeriphResetCmd
    stm32f10x_bkp.o(i.BKP_DeInit) refers to stm32f10x_rcc.o(i.RCC_BackupResetCmd) for RCC_BackupResetCmd
    stm32f10x_can.o(i.CAN_DeInit) refers to stm32f10x_rcc.o(i.RCC_APB1PeriphResetCmd) for RCC_APB1PeriphResetCmd
    stm32f10x_can.o(i.CAN_GetITStatus) refers to stm32f10x_can.o(i.CheckITStatus) for CheckITStatus
    stm32f10x_cec.o(i.CEC_DeInit) refers to stm32f10x_rcc.o(i.RCC_APB1PeriphResetCmd) for RCC_APB1PeriphResetCmd
    stm32f10x_dac.o(i.DAC_DeInit) refers to stm32f10x_rcc.o(i.RCC_APB1PeriphResetCmd) for RCC_APB1PeriphResetCmd
    stm32f10x_flash.o(i.FLASH_EnableWriteProtection) refers to stm32f10x_flash.o(i.FLASH_WaitForLastOperation) for FLASH_WaitForLastOperation
    stm32f10x_flash.o(i.FLASH_EraseAllBank1Pages) refers to stm32f10x_flash.o(i.FLASH_WaitForLastBank1Operation) for FLASH_WaitForLastBank1Operation
    stm32f10x_flash.o(i.FLASH_EraseAllPages) refers to stm32f10x_flash.o(i.FLASH_WaitForLastOperation) for FLASH_WaitForLastOperation
    stm32f10x_flash.o(i.FLASH_EraseOptionBytes) refers to stm32f10x_flash.o(i.FLASH_GetReadOutProtectionStatus) for FLASH_GetReadOutProtectionStatus
    stm32f10x_flash.o(i.FLASH_EraseOptionBytes) refers to stm32f10x_flash.o(i.FLASH_WaitForLastOperation) for FLASH_WaitForLastOperation
    stm32f10x_flash.o(i.FLASH_ErasePage) refers to stm32f10x_flash.o(i.FLASH_WaitForLastOperation) for FLASH_WaitForLastOperation
    stm32f10x_flash.o(i.FLASH_ProgramHalfWord) refers to stm32f10x_flash.o(i.FLASH_WaitForLastOperation) for FLASH_WaitForLastOperation
    stm32f10x_flash.o(i.FLASH_ProgramOptionByteData) refers to stm32f10x_flash.o(i.FLASH_WaitForLastOperation) for FLASH_WaitForLastOperation
    stm32f10x_flash.o(i.FLASH_ProgramWord) refers to stm32f10x_flash.o(i.FLASH_WaitForLastOperation) for FLASH_WaitForLastOperation
    stm32f10x_flash.o(i.FLASH_ReadOutProtection) refers to stm32f10x_flash.o(i.FLASH_WaitForLastOperation) for FLASH_WaitForLastOperation
    stm32f10x_flash.o(i.FLASH_UserOptionByteConfig) refers to stm32f10x_flash.o(i.FLASH_WaitForLastOperation) for FLASH_WaitForLastOperation
    stm32f10x_flash.o(i.FLASH_WaitForLastBank1Operation) refers to stm32f10x_flash.o(i.FLASH_GetBank1Status) for FLASH_GetBank1Status
    stm32f10x_flash.o(i.FLASH_WaitForLastOperation) refers to stm32f10x_flash.o(i.FLASH_GetBank1Status) for FLASH_GetBank1Status
    stm32f10x_gpio.o(i.GPIO_AFIODeInit) refers to stm32f10x_rcc.o(i.RCC_APB2PeriphResetCmd) for RCC_APB2PeriphResetCmd
    stm32f10x_gpio.o(i.GPIO_DeInit) refers to stm32f10x_rcc.o(i.RCC_APB2PeriphResetCmd) for RCC_APB2PeriphResetCmd
[...]
    Removing stm32f10x_wwdg.o(i.WWDG_EnableIT), (12 bytes).
    Removing stm32f10x_wwdg.o(i.WWDG_GetFlagStatus), (12 bytes).
    Removing stm32f10x_wwdg.o(i.WWDG_SetCounter), (16 bytes).
    Removing stm32f10x_wwdg.o(i.WWDG_SetPrescaler), (24 bytes).
    Removing stm32f10x_wwdg.o(i.WWDG_SetWindowValue), (40 bytes).
    Removing myrtc.o(i.MyRTC_Init), (114 bytes).
    Removing myrtc.o(i.MyRTC_ReadTime), (72 bytes).
    Removing myrtc.o(i.MyRTC_SetTime), (76 bytes).
    Removing myrtc.o(.data), (12 bytes).
    Removing delay.o(i.delay_init), (68 bytes).
    Removing delay.o(i.delay_ms), (76 bytes).
    Removing delay.o(i.delay_us), (76 bytes).
    Removing delay.o(.data), (4 bytes).
    Removing sys.o(.emb_text), (6 bytes).
    Removing sys.o(i.INTX_DISABLE), (4 bytes).
    Removing sys.o(i.INTX_ENABLE), (4 bytes).
    Removing sys.o(i.My_GPIO_Init), (176 bytes).
    Removing sys.o(i.WFI_SET), (4 bytes).
    Removing sys.o(i.log_2), (30 bytes).
    Removing sys.o(i.power), (20 bytes).
    Removing led.o(i.LED1_OFF), (20 bytes).
    Removing led.o(i.LED1_Turn), (44 bytes).
    Removing led.o(i.LED2_OFF), (20 bytes).
    Removing led.o(i.LED2_Turn), (44 bytes).
    Removing key.o(i.Key_GetNum), (252 bytes).
    Removing key.o(i.Key_Init), (84 bytes).
    Removing oled.o(i.OLED_AnimUpdate), (12 bytes).
    Removing oled.o(i.OLED_Animation), (416 bytes).
    Removing oled.o(i.OLED_DrawArc), (618 bytes).
    Removing oled.o(i.OLED_DrawCircle), (352 bytes).
    Removing oled.o(i.OLED_DrawEllipse), (812 bytes).
    Removing oled.o(i.OLED_DrawLine), (374 bytes).
    Removing oled.o(i.OLED_DrawPoint), (80 bytes).
    Removing oled.o(i.OLED_DrawRectangle), (142 bytes).
    Removing oled.o(i.OLED_DrawTriangle), (232 bytes).
    Removing oled.o(i.OLED_GetPoint), (68 bytes).
    Removing oled.o(i.OLED_IsInAngle), (124 bytes).
    Removing oled.o(i.OLED_Pow), (20 bytes).
    Removing oled.o(i.OLED_Reverse), (52 bytes).
    Removing oled.o(i.OLED_ReverseArea), (144 bytes).
    Removing oled.o(i.OLED_ShowBinNum), (70 bytes).
    Removing oled.o(i.OLED_ShowFloatNum), (210 bytes).
    Removing oled.o(i.OLED_ShowHexNum), (96 bytes).
    Removing oled.o(i.OLED_ShowNum), (76 bytes).
    Removing oled.o(i.OLED_ShowSignedNum), (112 bytes).
    Removing oled.o(i.OLED_UpdateArea), (124 bytes).
    Removing oled.o(i.OLED_pnpoly), (140 bytes).
    Removing oled.o(.data), (1 bytes).
    Removing menu.o(i.Menu1), (936 bytes).
    Removing menu.o(i.Menu2_Clock), (528 bytes).
    Removing menu.o(i.Menu2_MPU6050), (704 bytes).
    Removing menu.o(i.Menu2_Motor), (480 bytes).
    Removing menu.o(i.Menu2_PID), (1068 bytes).
    Removing menu.o(i.Menu3_Motor_SetLength), (276 bytes).
    Removing menu.o(i.Menu3_Motor_SetSpeed), (360 bytes).
    Removing menu.o(i.Menu3_PID_SetActual), (368 bytes).
    Removing menu.o(i.Menu3_PID_SetKd), (376 bytes).
    Removing menu.o(i.Menu3_PID_SetKi), (368 bytes).
    Removing menu.o(i.Menu3_PID_SetKp), (368 bytes).
    Removing menu.o(i.Menu3_PID_SetLength), (404 bytes).
    Removing menu.o(.data), (144 bytes).
    Removing inv_mpu.o(i.MPU6050_DMP_Get_Data), (548 bytes).
    Removing inv_mpu.o(i.MPU6050_DMP_Init), (80 bytes).
    Removing inv_mpu.o(i.accel_self_test), (168 bytes).
    Removing inv_mpu.o(i.get_accel_prod_shift), (180 bytes).
    Removing inv_mpu.o(i.get_ms), (2 bytes).
    Removing inv_mpu.o(i.get_st_biases), (1136 bytes).
    Removing inv_mpu.o(i.gyro_self_test), (272 bytes).
    Removing inv_mpu.o(i.inv_orientation_matrix_to_scalar), (40 bytes).
    Removing inv_mpu.o(i.inv_row_2_scale), (78 bytes).
    Removing inv_mpu.o(i.mpu_configure_fifo), (112 bytes).
    Removing inv_mpu.o(i.mpu_get_accel_fsr), (76 bytes).
    Removing inv_mpu.o(i.mpu_get_accel_reg), (116 bytes).
    Removing inv_mpu.o(i.mpu_get_accel_sens), (84 bytes).
    Removing inv_mpu.o(i.mpu_get_compass_fsr), (8 bytes).
    Removing inv_mpu.o(i.mpu_get_compass_reg), (8 bytes).
    Removing inv_mpu.o(i.mpu_get_compass_sample_rate), (10 bytes).
    Removing inv_mpu.o(i.mpu_get_dmp_state), (20 bytes).
    Removing inv_mpu.o(i.mpu_get_fifo_config), (16 bytes).
    Removing inv_mpu.o(i.mpu_get_gyro_fsr), (68 bytes).
    Removing inv_mpu.o(i.mpu_get_gyro_reg), (108 bytes).
    Removing inv_mpu.o(i.mpu_get_gyro_sens), (80 bytes).
    Removing inv_mpu.o(i.mpu_get_int_status), (68 bytes).
    Removing inv_mpu.o(i.mpu_get_lpf), (80 bytes).
    Removing inv_mpu.o(i.mpu_get_power_state), (28 bytes).
    Removing inv_mpu.o(i.mpu_get_sample_rate), (32 bytes).
    Removing inv_mpu.o(i.mpu_get_temperature), (160 bytes).
    Removing inv_mpu.o(i.mpu_init), (400 bytes).
    Removing inv_mpu.o(i.mpu_load_firmware), (184 bytes).
    Removing inv_mpu.o(i.mpu_lp_accel_mode), (224 bytes).
    Removing inv_mpu.o(i.mpu_lp_motion_interrupt), (516 bytes).
    Removing inv_mpu.o(i.mpu_read_fifo), (504 bytes).
    Removing inv_mpu.o(i.mpu_read_fifo_stream), (192 bytes).
    Removing inv_mpu.o(i.mpu_read_mem), (128 bytes).
    Removing inv_mpu.o(i.mpu_read_reg), (72 bytes).
    Removing inv_mpu.o(i.mpu_reg_dump), (76 bytes).
    Removing inv_mpu.o(i.mpu_reset_fifo), (456 bytes).
    Removing inv_mpu.o(i.mpu_run_self_test), (284 bytes).
    Removing inv_mpu.o(i.mpu_set_accel_bias), (384 bytes).
    Removing inv_mpu.o(i.mpu_set_accel_fsr), (132 bytes).
    Removing inv_mpu.o(i.mpu_set_bypass), (332 bytes).
    Removing inv_mpu.o(i.mpu_set_compass_sample_rate), (8 bytes).
    Removing inv_mpu.o(i.mpu_set_dmp_state), (144 bytes).
    Removing inv_mpu.o(i.mpu_set_gyro_fsr), (136 bytes).
    Removing inv_mpu.o(i.mpu_set_int_latched), (108 bytes).
    Removing inv_mpu.o(i.mpu_set_int_level), (16 bytes).
    Removing inv_mpu.o(i.mpu_set_lpf), (132 bytes).
    Removing inv_mpu.o(i.mpu_set_sample_rate), (156 bytes).
    Removing inv_mpu.o(i.mpu_set_sensors), (208 bytes).
    Removing inv_mpu.o(i.mpu_write_mem), (128 bytes).
    Removing inv_mpu.o(i.run_self_test), (148 bytes).
    Removing inv_mpu.o(i.set_int_enable), (144 bytes).
    Removing inv_mpu.o(.constdata), (80 bytes).
    Removing inv_mpu.o(.data), (53 bytes).
    Removing inv_mpu_dmp_motion_driver.o(i.decode_gesture), (100 bytes).
    Removing inv_mpu_dmp_motion_driver.o(i.dmp_enable_6x_lp_quat), (60 bytes).
    Removing inv_mpu_dmp_motion_driver.o(i.dmp_enable_feature), (540 bytes).
    Removing inv_mpu_dmp_motion_driver.o(i.dmp_enable_gyro_cal), (88 bytes).
    Removing inv_mpu_dmp_motion_driver.o(i.dmp_enable_lp_quat), (60 bytes).
    Removing inv_mpu_dmp_motion_driver.o(i.dmp_get_enabled_features), (16 bytes).
    Removing inv_mpu_dmp_motion_driver.o(i.dmp_get_fifo_rate), (16 bytes).
    Removing inv_mpu_dmp_motion_driver.o(i.dmp_get_pedometer_step_count), (66 bytes).
    Removing inv_mpu_dmp_motion_driver.o(i.dmp_get_pedometer_walk_time), (72 bytes).
    Removing inv_mpu_dmp_motion_driver.o(i.dmp_load_motion_driver_firmware), (24 bytes).
    Removing inv_mpu_dmp_motion_driver.o(i.dmp_read_fifo), (456 bytes).
    Removing inv_mpu_dmp_motion_driver.o(i.dmp_register_android_orient_cb), (16 bytes).
    Removing inv_mpu_dmp_motion_driver.o(i.dmp_register_tap_cb), (16 bytes).
    Removing inv_mpu_dmp_motion_driver.o(i.dmp_set_accel_bias), (304 bytes).
    Removing inv_mpu_dmp_motion_driver.o(i.dmp_set_fifo_rate), (112 bytes).
    Removing inv_mpu_dmp_motion_driver.o(i.dmp_set_gyro_bias), (304 bytes).
    Removing inv_mpu_dmp_motion_driver.o(i.dmp_set_interrupt_mode), (92 bytes).
    Removing inv_mpu_dmp_motion_driver.o(i.dmp_set_orientation), (312 bytes).
    Removing inv_mpu_dmp_motion_driver.o(i.dmp_set_pedometer_step_count), (42 bytes).
    Removing inv_mpu_dmp_motion_driver.o(i.dmp_set_pedometer_walk_time), (48 bytes).
    Removing inv_mpu_dmp_motion_driver.o(i.dmp_set_shake_reject_thresh), (56 bytes).
    Removing inv_mpu_dmp_motion_driver.o(i.dmp_set_shake_reject_time), (38 bytes).
    Removing inv_mpu_dmp_motion_driver.o(i.dmp_set_shake_reject_timeout), (38 bytes).
    Removing inv_mpu_dmp_motion_driver.o(i.dmp_set_tap_axes), (70 bytes).
    Removing inv_mpu_dmp_motion_driver.o(i.dmp_set_tap_count), (38 bytes).
    Removing inv_mpu_dmp_motion_driver.o(i.dmp_set_tap_thresh), (416 bytes).
    Removing inv_mpu_dmp_motion_driver.o(i.dmp_set_tap_time), (38 bytes).
    Removing inv_mpu_dmp_motion_driver.o(i.dmp_set_tap_time_multi), (38 bytes).
    Removing inv_mpu_dmp_motion_driver.o(.bss), (16 bytes).
    Removing inv_mpu_dmp_motion_driver.o(.constdata), (3062 bytes).
    Removing mpu_exti.o(i.MPU_EXTI_Init), (128 bytes).
    Removing mpu_exti.o(.data), (12 bytes).
    Removing mpu6050.o(i.MPU6050_Init), (48 bytes).
    Removing mpu6050.o(i.mpu6050_read), (92 bytes).
    Removing mpu6050.o(i.mpu6050_read_reg), (22 bytes).
    Removing mpu6050.o(i.mpu6050_write), (68 bytes).
    Removing mpu6050.o(i.mpu6050_write_reg), (18 bytes).
    Removing mpu6050_i2c.o(i.MPU6050_IIC_IO_Init), (52 bytes).
    Removing mpu6050_i2c.o(i.MPU6050_IIC_Read_Ack), (80 bytes).
    Removing mpu6050_i2c.o(i.MPU6050_IIC_Read_Byte), (96 bytes).
    Removing mpu6050_i2c.o(i.MPU6050_IIC_SDA_IO_IN), (28 bytes).
    Removing mpu6050_i2c.o(i.MPU6050_IIC_SDA_IO_OUT), (24 bytes).
    Removing mpu6050_i2c.o(i.MPU6050_IIC_Send_Ack), (56 bytes).
    Removing mpu6050_i2c.o(i.MPU6050_IIC_Send_Byte), (100 bytes).
    Removing mpu6050_i2c.o(i.MPU6050_IIC_Start), (56 bytes).
    Removing mpu6050_i2c.o(i.MPU6050_IIC_Stop), (60 bytes).
    Removing usart3_wabcam.o(i.USART3_Serial_GetRxData), (12 bytes).
    Removing usart3_wabcam.o(i.USART3_Serial_GetRxFlag), (28 bytes).
    Removing usart3_wabcam.o(i.USART3_Serial_Init), (184 bytes).
    Removing usart3_wabcam.o(i.USART3_Serial_Pow), (20 bytes).
    Removing usart3_wabcam.o(i.USART3_Serial_Printf), (36 bytes).
    Removing usart3_wabcam.o(i.USART3_Serial_SendArray), (26 bytes).
    Removing usart3_wabcam.o(i.USART3_Serial_SendByte), (32 bytes).
    Removing usart3_wabcam.o(i.USART3_Serial_SendNumber), (58 bytes).
    Removing usart3_wabcam.o(i.USART3_Serial_SendString), (26 bytes).
    Removing usart3_wabcam.o(i.USART3_fputc), (16 bytes).
    Removing usart4_mpu6050.o(i.UART4_IRQHandler), (56 bytes).
    Removing usart4_mpu6050.o(i.UART4_Serial_GetRxData), (12 bytes).
    Removing usart4_mpu6050.o(i.UART4_Serial_GetRxFlag), (28 bytes).
    Removing usart4_mpu6050.o(i.UART4_Serial_Init), (184 bytes).
    Removing usart4_mpu6050.o(i.UART4_Serial_Pow), (20 bytes).
    Removing usart4_mpu6050.o(i.UART4_Serial_Printf), (36 bytes).
    Removing usart4_mpu6050.o(i.UART4_Serial_SendArray), (26 bytes).
    Removing usart4_mpu6050.o(i.UART4_Serial_SendByte), (32 bytes).
    Removing usart4_mpu6050.o(i.UART4_Serial_SendNumber), (58 bytes).
    Removing usart4_mpu6050.o(i.UART4_Serial_SendString), (26 bytes).
    Removing usart4_mpu6050.o(i.UART4_fputc), (16 bytes).
    Removing usart4_mpu6050.o(.data), (2 bytes).
    Removing usart5_blooteeth.o(i.UART5_IRQHandler), (56 bytes).
    Removing usart5_blooteeth.o(i.UART5_Serial_GetRxData), (12 bytes).
    Removing usart5_blooteeth.o(i.UART5_Serial_GetRxFlag), (28 bytes).
    Removing usart5_blooteeth.o(i.UART5_Serial_Init), (192 bytes).
    Removing usart5_blooteeth.o(i.UART5_Serial_Pow), (20 bytes).
    Removing usart5_blooteeth.o(i.UART5_Serial_Printf), (36 bytes).
    Removing usart5_blooteeth.o(i.UART5_Serial_SendArray), (26 bytes).
    Removing usart5_blooteeth.o(i.UART5_Serial_SendByte), (32 bytes).
    Removing usart5_blooteeth.o(i.UART5_Serial_SendNumber), (58 bytes).
    Removing usart5_blooteeth.o(i.UART5_Serial_SendString), (26 bytes).
    Removing usart5_blooteeth.o(i.UART5_fputc), (16 bytes).
    Removing usart5_blooteeth.o(.data), (2 bytes).
    Removing usart1.o(i.USART1_Serial_GetRxData), (12 bytes).
    Removing usart1.o(i.USART1_Serial_GetRxFlag), (28 bytes).
    Removing usart1.o(i.USART1_Serial_Init), (184 bytes).
    Removing usart1.o(i.USART1_Serial_Pow), (20 bytes).
    Removing usart1.o(i.USART1_Serial_Printf), (36 bytes).
    Removing usart1.o(i.USART1_Serial_SendArray), (26 bytes).
    Removing usart1.o(i.USART1_Serial_SendByte), (32 bytes).
    Removing usart1.o(i.USART1_Serial_SendNumber), (58 bytes).
    Removing usart1.o(i.USART1_Serial_SendString), (26 bytes).
    Removing usart1.o(i.USART1_fputc), (16 bytes).
    Removing usart2.o(i.USART2_Serial_GetRxData), (12 bytes).
    Removing usart2.o(i.USART2_Serial_GetRxFlag), (28 bytes).
    Removing usart2.o(i.USART2_Serial_Init), (180 bytes).
    Removing usart2.o(i.USART2_Serial_Pow), (20 bytes).
    Removing usart2.o(i.USART2_Serial_Printf), (36 bytes).
    Removing usart2.o(i.USART2_Serial_SendArray), (26 bytes).
    Removing usart2.o(i.USART2_Serial_SendByte), (32 bytes).
    Removing usart2.o(i.USART2_Serial_SendNumber), (58 bytes).
    Removing usart2.o(i.USART2_Serial_SendString), (26 bytes).
    Removing usart2.o(i.USART2_fputc), (16 bytes).
    Removing buzzer.o(i.Buzzer_Init), (52 bytes).
    Removing buzzer.o(i.Buzzer_OFF), (16 bytes).
    Removing buzzer.o(i.Buzzer_ON), (16 bytes).
    Removing buzzer.o(i.Buzzer_Turn), (36 bytes).
    Removing exti2_countsensor.o(i.CountSensor_Get), (12 bytes).
    Removing exti2_countsensor.o(i.CountSensor_Init), (124 bytes).
    Removing ddelay.o(i.DDelay_ms), (24 bytes).
    Removing ddelay.o(i.DDelay_s), (24 bytes).
    Removing ddelay.o(i.DDelay_us), (46 bytes).
    Removing track.o(i.Track_Calculate_Error), (196 bytes).
    Removing track.o(i.Track_Init), (116 bytes).
    Removing track.o(.constdata), (32 bytes).
    Removing track.o(.data), (2 bytes).
    Removing infrared.o(i.Infrared_Get), (32 bytes).
    Removing infrared.o(i.Infrared_Init), (44 bytes).
    Removing tim3_pid.o(i.PID_Update), (344 bytes).
    Removing tim3_pid.o(i.TIM3_PID_Limit), (40 bytes).
    Removing tim3_pid.o(i.TIM3_PID_Locate), (112 bytes).
    Removing tim3_pid.o(i.Update_Speed_By_Position), (144 bytes).
    Removing ffltui.o(.text), (10 bytes).
    Removing dflti.o(.text), (34 bytes).
    Removing ffixui.o(.text), (40 bytes).
    Removing dfixi.o(.text), (62 bytes).
    Removing dfixui.o(.text), (50 bytes).
    Removing dscalb.o(.text), (46 bytes).
    Removing drnd.o(.text), (136 bytes).
    Removing dsqrt.o(.text), (162 bytes).

659 unused section(s) (total 49762 bytes) removed from the image.

==============================================================================

Image Symbol Table

    Local Symbols

    Symbol Name                              Value     Ov Type        Size  Object(Section)

    ../clib/microlib/division.c              0x00000000   Number         0  ldiv.o ABSOLUTE
    ../clib/microlib/division.c              0x00000000   Number         0  uldiv.o ABSOLUTE
    ../clib/microlib/division.c              0x00000000   Number         0  uidiv.o ABSOLUTE
    ../clib/microlib/errno.c                 0x00000000   Number         0  errno.o ABSOLUTE
    ../clib/microlib/init/entry.s            0x00000000   Number         0  entry.o ABSOLUTE
    ../clib/microlib/init/entry.s            0x00000000   Number         0  entry8a.o ABSOLUTE
    ../clib/microlib/init/entry.s            0x00000000   Number         0  entry11b.o ABSOLUTE
    ../clib/microlib/init/entry.s            0x00000000   Number         0  entry11a.o ABSOLUTE
    ../clib/microlib/init/entry.s            0x00000000   Number         0  entry7a.o ABSOLUTE
    ../clib/microlib/init/entry.s            0x00000000   Number         0  entry8b.o ABSOLUTE
    ../clib/microlib/init/entry.s            0x00000000   Number         0  entry9a.o ABSOLUTE
    ../clib/microlib/init/entry.s            0x00000000   Number         0  entry9b.o ABSOLUTE
    ../clib/microlib/init/entry.s            0x00000000   Number         0  entry10b.o ABSOLUTE
    ../clib/microlib/init/entry.s            0x00000000   Number         0  entry2.o ABSOLUTE
    ../clib/microlib/init/entry.s            0x00000000   Number         0  entry10a.o ABSOLUTE
    ../clib/microlib/init/entry.s            0x00000000   Number         0  entry7b.o ABSOLUTE
    ../clib/microlib/init/entry.s            0x00000000   Number         0  entry5.o ABSOLUTE
    ../clib/microlib/longlong.c              0x00000000   Number         0  llsshr.o ABSOLUTE
    ../clib/microlib/longlong.c              0x00000000   Number         0  llushr.o ABSOLUTE
    ../clib/microlib/longlong.c              0x00000000   Number         0  llshl.o ABSOLUTE
    ../clib/microlib/printf/printf.c         0x00000000   Number         0  printfa.o ABSOLUTE
    ../clib/microlib/stdio/fputc.c           0x00000000   Number         0  fputc.o ABSOLUTE
    ../clib/microlib/stdio/semi.s            0x00000000   Number         0  semi.o ABSOLUTE
    ../clib/microlib/stdio/streams.c         0x00000000   Number         0  stdout.o ABSOLUTE
    ../clib/microlib/stdlib/abs.c            0x00000000   Number         0  siabs.o ABSOLUTE
    ../clib/microlib/stdlib/abs.c            0x00000000   Number         0  ilabs.o ABSOLUTE
    ../clib/microlib/string/memcmp.c         0x00000000   Number         0  memcmp.o ABSOLUTE
    ../clib/microlib/string/memcpy.c         0x00000000   Number         0  memcpya.o ABSOLUTE
    ../clib/microlib/string/memcpy.c         0x00000000   Number         0  memcpyb.o ABSOLUTE
    ../clib/microlib/string/memset.c         0x00000000   Number         0  memseta.o ABSOLUTE
    ../clib/microlib/string/strcmp.c         0x00000000   Number         0  strcmp.o ABSOLUTE
    ../clib/microlib/stubs.s                 0x00000000   Number         0  iusesemip.o ABSOLUTE
    ../clib/microlib/stubs.s                 0x00000000   Number         0  iusefp.o ABSOLUTE
    ../clib/microlib/time/localtime.c        0x00000000   Number         0  localtime_i.o ABSOLUTE
    ../clib/microlib/time/localtime.c        0x00000000   Number         0  localtime_w.o ABSOLUTE
    ../clib/microlib/time/localtime.c        0x00000000   Number         0  localtime.o ABSOLUTE
    ../clib/microlib/time/mktime.c           0x00000000   Number         0  mktime.o ABSOLUTE
    ../fplib/microlib/d2f.c                  0x00000000   Number         0  d2f.o ABSOLUTE
    ../fplib/microlib/f2d.c                  0x00000000   Number         0  f2d.o ABSOLUTE
    ../fplib/microlib/fpadd.c                0x00000000   Number         0  fadd.o ABSOLUTE
    ../fplib/microlib/fpadd.c                0x00000000   Number         0  dadd.o ABSOLUTE
    ../fplib/microlib/fpdiv.c                0x00000000   Number         0  fdiv.o ABSOLUTE
    ../fplib/microlib/fpdiv.c                0x00000000   Number         0  ddiv.o ABSOLUTE
    ../fplib/microlib/fpepilogue.c           0x00000000   Number         0  fepilogue.o ABSOLUTE
    ../fplib/microlib/fpepilogue.c           0x00000000   Number         0  depilogue.o ABSOLUTE
    ../fplib/microlib/fpfix.c                0x00000000   Number         0  ffixi.o ABSOLUTE
    ../fplib/microlib/fpfix.c                0x00000000   Number         0  ffixui.o ABSOLUTE
    ../fplib/microlib/fpfix.c                0x00000000   Number         0  dfixui.o ABSOLUTE
    ../fplib/microlib/fpfix.c                0x00000000   Number         0  dfixi.o ABSOLUTE
    ../fplib/microlib/fpfix.c                0x00000000   Number         0  dfixul.o ABSOLUTE
    ../fplib/microlib/fpflt.c                0x00000000   Number         0  dflti.o ABSOLUTE
    ../fplib/microlib/fpflt.c                0x00000000   Number         0  fflti.o ABSOLUTE
    ../fplib/microlib/fpflt.c                0x00000000   Number         0  ffltui.o ABSOLUTE
    ../fplib/microlib/fpflt.c                0x00000000   Number         0  dfltui.o ABSOLUTE
    ../fplib/microlib/fpmul.c                0x00000000   Number         0  fmul.o ABSOLUTE
    ../fplib/microlib/fpmul.c                0x00000000   Number         0  dmul.o ABSOLUTE
    ../fplib/microlib/fprnd.c                0x00000000   Number         0  drnd.o ABSOLUTE
    ../fplib/microlib/fpscalb.c              0x00000000   Number         0  dscalb.o ABSOLUTE
    ../fplib/microlib/fpsqrt.c               0x00000000   Number         0  dsqrt.o ABSOLUTE
    ../mathlib/asin.c                        0x00000000   Number         0  asin_x.o ABSOLUTE
    ../mathlib/asin.c                        0x00000000   Number         0  asin.o ABSOLUTE
    ../mathlib/atan.c                        0x00000000   Number         0  atan_x.o ABSOLUTE
    ../mathlib/atan.c                        0x00000000   Number         0  atan.o ABSOLUTE
    ../mathlib/atan2.c                       0x00000000   Number         0  atan2_x.o ABSOLUTE
    ../mathlib/atan2.c                       0x00000000   Number         0  atan2.o ABSOLUTE
    ../mathlib/dunder.c                      0x00000000   Number         0  dunder.o ABSOLUTE
    ../mathlib/fpclassify.c                  0x00000000   Number         0  fpclassify.o ABSOLUTE
    ../mathlib/poly.c                        0x00000000   Number         0  poly.o ABSOLUTE
    ../mathlib/qnan.c                        0x00000000   Number         0  qnan.o ABSOLUTE
    ../mathlib/round.c                       0x00000000   Number         0  round.o ABSOLUTE
    ../mathlib/sqrt.c                        0x00000000   Number         0  sqrt_x.o ABSOLUTE
    ../mathlib/sqrt.c                        0x00000000   Number         0  sqrt.o ABSOLUTE
    Hardware\Buzzer.c                        0x00000000   Number         0  buzzer.o ABSOLUTE
    Hardware\DDelay.c                        0x00000000   Number         0  ddelay.o ABSOLUTE
    Hardware\EXTI2_CountSensor.c             0x00000000   Number         0  exti2_countsensor.o ABSOLUTE
    Hardware\Infrared.c                      0x00000000   Number         0  infrared.o ABSOLUTE
    Hardware\Key.c                           0x00000000   Number         0  key.o ABSOLUTE
    Hardware\LED.c                           0x00000000   Number         0  led.o ABSOLUTE
    Hardware\MPU6050.c                       0x00000000   Number         0  mpu6050.o ABSOLUTE
    Hardware\MPU6050_I2C.c                   0x00000000   Number         0  mpu6050_i2c.o ABSOLUTE
    Hardware\MPU_EXTI.c                      0x00000000   Number         0  mpu_exti.o ABSOLUTE
    Hardware\OLED.c                          0x00000000   Number         0  oled.o ABSOLUTE
    Hardware\OLED_Data.c                     0x00000000   Number         0  oled_data.o ABSOLUTE
    Hardware\RP.c                            0x00000000   Number         0  rp.o ABSOLUTE
    Hardware\TIM1_Motor.c                    0x00000000   Number         0  tim1_motor.o ABSOLUTE
    Hardware\TIM1_PWM.c                      0x00000000   Number         0  tim1_pwm.o ABSOLUTE
    Hardware\TIM2_4_Encoder.c                0x00000000   Number         0  tim2_4_encoder.o ABSOLUTE
    Hardware\TIM3_PID.c                      0x00000000   Number         0  tim3_pid.o ABSOLUTE
    Hardware\Track.c                         0x00000000   Number         0  track.o ABSOLUTE
    Hardware\USART1.c                        0x00000000   Number         0  usart1.o ABSOLUTE
    Hardware\USART2.c                        0x00000000   Number         0  usart2.o ABSOLUTE
    Hardware\USART3_WabCam.c                 0x00000000   Number         0  usart3_wabcam.o ABSOLUTE
    Hardware\USART4_MPU6050.c                0x00000000   Number         0  usart4_mpu6050.o ABSOLUTE
    Hardware\USART5_Blooteeth.c              0x00000000   Number         0  usart5_blooteeth.o ABSOLUTE
    Hardware\inv_mpu.c                       0x00000000   Number         0  inv_mpu.o ABSOLUTE
    Hardware\inv_mpu_dmp_motion_driver.c     0x00000000   Number         0  inv_mpu_dmp_motion_driver.o ABSOLUTE
    Hardware\menu.c                          0x00000000   Number         0  menu.o ABSOLUTE
    Library\misc.c                           0x00000000   Number         0  misc.o ABSOLUTE
    Library\stm32f10x_adc.c                  0x00000000   Number         0  stm32f10x_adc.o ABSOLUTE
    Library\stm32f10x_bkp.c                  0x00000000   Number         0  stm32f10x_bkp.o ABSOLUTE
    Library\stm32f10x_can.c                  0x00000000   Number         0  stm32f10x_can.o ABSOLUTE
    Library\stm32f10x_cec.c                  0x00000000   Number         0  stm32f10x_cec.o ABSOLUTE
    Library\stm32f10x_crc.c                  0x00000000   Number         0  stm32f10x_crc.o ABSOLUTE
    Library\stm32f10x_dac.c                  0x00000000   Number         0  stm32f10x_dac.o ABSOLUTE
    Library\stm32f10x_dbgmcu.c               0x00000000   Number         0  stm32f10x_dbgmcu.o ABSOLUTE
    Library\stm32f10x_dma.c                  0x00000000   Number         0  stm32f10x_dma.o ABSOLUTE
    Library\stm32f10x_exti.c                 0x00000000   Number         0  stm32f10x_exti.o ABSOLUTE
    Library\stm32f10x_flash.c                0x00000000   Number         0  stm32f10x_flash.o ABSOLUTE
    Library\stm32f10x_fsmc.c                 0x00000000   Number         0  stm32f10x_fsmc.o ABSOLUTE
    Library\stm32f10x_gpio.c                 0x00000000   Number         0  stm32f10x_gpio.o ABSOLUTE
    Library\stm32f10x_i2c.c                  0x00000000   Number         0  stm32f10x_i2c.o ABSOLUTE
    Library\stm32f10x_iwdg.c                 0x00000000   Number         0  stm32f10x_iwdg.o ABSOLUTE
    Library\stm32f10x_pwr.c                  0x00000000   Number         0  stm32f10x_pwr.o ABSOLUTE
    Library\stm32f10x_rcc.c                  0x00000000   Number         0  stm32f10x_rcc.o ABSOLUTE
    Library\stm32f10x_rtc.c                  0x00000000   Number         0  stm32f10x_rtc.o ABSOLUTE
    Library\stm32f10x_sdio.c                 0x00000000   Number         0  stm32f10x_sdio.o ABSOLUTE
    Library\stm32f10x_spi.c                  0x00000000   Number         0  stm32f10x_spi.o ABSOLUTE
    Library\stm32f10x_tim.c                  0x00000000   Number         0  stm32f10x_tim.o ABSOLUTE
    Library\stm32f10x_usart.c                0x00000000   Number         0  stm32f10x_usart.o ABSOLUTE
    Library\stm32f10x_wwdg.c                 0x00000000   Number         0  stm32f10x_wwdg.o ABSOLUTE
    Start\\core_cm3.c                        0x00000000   Number         0  core_cm3.o ABSOLUTE
    Start\core_cm3.c                         0x00000000   Number         0  core_cm3.o ABSOLUTE
    Start\startup_stm32f10x_md.s             0x00000000   Number         0  startup_stm32f10x_md.o ABSOLUTE
    Start\system_stm32f10x.c                 0x00000000   Number         0  system_stm32f10x.o ABSOLUTE
    System\Delay.c                           0x00000000   Number         0  delay.o ABSOLUTE
    System\MyRTC.c                           0x00000000   Number         0  myrtc.o ABSOLUTE
    System\\sys.c                            0x00000000   Number         0  sys.o ABSOLUTE
    System\sys.c                             0x00000000   Number         0  sys.o ABSOLUTE
    User\main.c                              0x00000000   Number         0  main.o ABSOLUTE
    User\stm32f10x_it.c                      0x00000000   Number         0  stm32f10x_it.o ABSOLUTE
    cdcmple.s                                0x00000000   Number         0  cdcmple.o ABSOLUTE
    cdrcmple.s                               0x00000000   Number         0  cdrcmple.o ABSOLUTE
    cfcmple.s                                0x00000000   Number         0  cfcmple.o ABSOLUTE
    cfrcmple.s                               0x00000000   Number         0  cfrcmple.o ABSOLUTE
    dc.s                                     0x00000000   Number         0  dc.o ABSOLUTE
    handlers.s                               0x00000000   Number         0  handlers.o ABSOLUTE
    init.s                                   0x00000000   Number         0  init.o ABSOLUTE
    RESET                                    0x08000000   Section      236  startup_stm32f10x_md.o(RESET)
    .ARM.Collect$$$$00000000                 0x080000ec   Section        0  entry.o(.ARM.Collect$$$$00000000)
    .ARM.Collect$$$$00000001                 0x080000ec   Section        4  entry2.o(.ARM.Collect$$$$00000001)
    .ARM.Collect$$$$00000004                 0x080000f0   Section        4  entry5.o(.ARM.Collect$$$$00000004)
    .ARM.Collect$$$$00000008                 0x080000f4   Section        0  entry7b.o(.ARM.Collect$$$$00000008)
    .ARM.Collect$$$$0000000A                 0x080000f4   Section        0  entry8b.o(.ARM.Collect$$$$0000000A)
    .ARM.Collect$$$$0000000B                 0x080000f4   Section        8  entry9a.o(.ARM.Collect$$$$0000000B)
    .ARM.Collect$$$$0000000D                 0x080000fc   Section        0  entry10a.o(.ARM.Collect$$$$0000000D)
    .ARM.Collect$$$$0000000F                 0x080000fc   Section        0  entry11a.o(.ARM.Collect$$$$0000000F)
    .ARM.Collect$$$$00002712                 0x080000fc   Section        4  entry2.o(.ARM.Collect$$$$00002712)
    __lit__00000000                          0x080000fc   Data           4  entry2.o(.ARM.Collect$$$$00002712)
    .text                                    0x08000100   Section       36  startup_stm32f10x_md.o(.text)
    .text                                    0x08000124   Section        0  strcmp.o(.text)
    .text                                    0x08000140   Section        0  fadd.o(.text)
    .text                                    0x080001f0   Section        0  fmul.o(.text)
    .text                                    0x08000254   Section        0  fdiv.o(.text)
    .text                                    0x080002d0   Section        0  dadd.o(.text)
    .text                                    0x0800041e   Section        0  dmul.o(.text)
    .text                                    0x08000502   Section        0  ddiv.o(.text)
    .text                                    0x080005e0   Section        0  fflti.o(.text)
    .text                                    0x080005f2   Section        0  dfltui.o(.text)
    .text                                    0x0800060c   Section        0  ffixi.o(.text)
    .text                                    0x0800063e   Section        0  f2d.o(.text)
    .text                                    0x08000664   Section       48  cdcmple.o(.text)
    .text                                    0x08000694   Section       48  cdrcmple.o(.text)
    .text                                    0x080006c4   Section        0  d2f.o(.text)
    .text                                    0x080006fc   Section       20  cfcmple.o(.text)
    .text                                    0x08000710   Section       20  cfrcmple.o(.text)
    .text                                    0x08000724   Section        0  uidiv.o(.text)
    .text                                    0x08000750   Section        0  uldiv.o(.text)
    .text                                    0x080007b2   Section        0  llshl.o(.text)
    .text                                    0x080007d0   Section        0  llushr.o(.text)
    .text                                    0x080007f0   Section        0  llsshr.o(.text)
    .text                                    0x08000814   Section        0  fepilogue.o(.text)
    .text                                    0x08000814   Section        0  iusefp.o(.text)
    .text                                    0x08000882   Section        0  depilogue.o(.text)
    .text                                    0x0800093c   Section        0  dfixul.o(.text)
    .text                                    0x0800096c   Section       36  init.o(.text)
    i.ADC_Cmd                                0x08000990   Section        0  stm32f10x_adc.o(i.ADC_Cmd)
    i.ADC_GetCalibrationStatus               0x080009a6   Section        0  stm32f10x_adc.o(i.ADC_GetCalibrationStatus)
    i.ADC_GetConversionValue                 0x080009ba   Section        0  stm32f10x_adc.o(i.ADC_GetConversionValue)
    i.ADC_GetFlagStatus                      0x080009c2   Section        0  stm32f10x_adc.o(i.ADC_GetFlagStatus)
    i.ADC_GetResetCalibrationStatus          0x080009d4   Section        0  stm32f10x_adc.o(i.ADC_GetResetCalibrationStatus)
    i.ADC_Init                               0x080009e8   Section        0  stm32f10x_adc.o(i.ADC_Init)
    i.ADC_RegularChannelConfig               0x08000a38   Section        0  stm32f10x_adc.o(i.ADC_RegularChannelConfig)
    i.ADC_ResetCalibration                   0x08000af0   Section        0  stm32f10x_adc.o(i.ADC_ResetCalibration)
    i.ADC_SoftwareStartConvCmd               0x08000afa   Section        0  stm32f10x_adc.o(i.ADC_SoftwareStartConvCmd)
    i.ADC_StartCalibration                   0x08000b10   Section        0  stm32f10x_adc.o(i.ADC_StartCalibration)
    i.BusFault_Handler                       0x08000b1a   Section        0  stm32f10x_it.o(i.BusFault_Handler)
    i.DebugMon_Handler                       0x08000b1e   Section        0  stm32f10x_it.o(i.DebugMon_Handler)
    i.EXTI15_10_IRQHandler                   0x08000b20   Section        0  exti2_countsensor.o(i.EXTI15_10_IRQHandler)
    i.EXTI_ClearITPendingBit                 0x08000b54   Section        0  stm32f10x_exti.o(i.EXTI_ClearITPendingBit)
    i.EXTI_GetITStatus                       0x08000b60   Section        0  stm32f10x_exti.o(i.EXTI_GetITStatus)
    i.GPIO_Init                              0x08000b88   Section        0  stm32f10x_gpio.o(i.GPIO_Init)
    i.GPIO_ReadInputDataBit                  0x08000c9e   Section        0  stm32f10x_gpio.o(i.GPIO_ReadInputDataBit)
    i.GPIO_ResetBits                         0x08000cb0   Section        0  stm32f10x_gpio.o(i.GPIO_ResetBits)
    i.GPIO_SetBits                           0x08000cb4   Section        0  stm32f10x_gpio.o(i.GPIO_SetBits)
    i.GPIO_WriteBit                          0x08000cb8   Section        0  stm32f10x_gpio.o(i.GPIO_WriteBit)
    i.HardFault_Handler                      0x08000cc2   Section        0  stm32f10x_it.o(i.HardFault_Handler)
    i.LED1_ON                                0x08000cc8   Section        0  led.o(i.LED1_ON)
    i.LED2_ON                                0x08000cdc   Section        0  led.o(i.LED2_ON)
    i.LED_Init                               0x08000cf0   Section        0  led.o(i.LED_Init)
    i.MemManage_Handler                      0x08000d28   Section        0  stm32f10x_it.o(i.MemManage_Handler)
    i.NMI_Handler                            0x08000d2c   Section        0  stm32f10x_it.o(i.NMI_Handler)
    i.NVIC_Init                              0x08000d30   Section        0  misc.o(i.NVIC_Init)
    i.NVIC_PriorityGroupConfig               0x08000da0   Section        0  misc.o(i.NVIC_PriorityGroupConfig)
    i.OLED_Clear                             0x08000db4   Section        0  oled.o(i.OLED_Clear)
    i.OLED_ClearArea                         0x08000ddc   Section        0  oled.o(i.OLED_ClearArea)
    i.OLED_GPIO_Init                         0x08000e6c   Section        0  oled.o(i.OLED_GPIO_Init)
    i.OLED_I2C_SendByte                      0x08000ecc   Section        0  oled.o(i.OLED_I2C_SendByte)
    i.OLED_I2C_Start                         0x08000f0a   Section        0  oled.o(i.OLED_I2C_Start)
    i.OLED_I2C_Stop                          0x08000f26   Section        0  oled.o(i.OLED_I2C_Stop)
    i.OLED_Init                              0x08000f3c   Section        0  oled.o(i.OLED_Init)
    i.OLED_Printf                            0x08000fd6   Section        0  oled.o(i.OLED_Printf)
    i.OLED_SetCursor                         0x08001008   Section        0  oled.o(i.OLED_SetCursor)
    i.OLED_ShowChar                          0x0800102c   Section        0  oled.o(i.OLED_ShowChar)
    i.OLED_ShowImage                         0x08001080   Section        0  oled.o(i.OLED_ShowImage)
    i.OLED_ShowString                        0x0800117c   Section        0  oled.o(i.OLED_ShowString)
    i.OLED_Update                            0x08001340   Section        0  oled.o(i.OLED_Update)
    i.OLED_W_SCL                             0x08001368   Section        0  oled.o(i.OLED_W_SCL)
    i.OLED_W_SDA                             0x08001380   Section        0  oled.o(i.OLED_W_SDA)
    i.OLED_WriteCommand                      0x08001398   Section        0  oled.o(i.OLED_WriteCommand)
    i.OLED_WriteData                         0x080013b8   Section        0  oled.o(i.OLED_WriteData)
    i.PID_Sim_Update                         0x080013e8   Section        0  tim3_pid.o(i.PID_Sim_Update)
    i.PWM_SetCompare1                        0x080014e8   Section        0  tim1_pwm.o(i.PWM_SetCompare1)
    i.PWM_SetCompare4                        0x080014fc   Section        0  tim1_pwm.o(i.PWM_SetCompare4)
    i.PendSV_Handler                         0x08001510   Section        0  stm32f10x_it.o(i.PendSV_Handler)
    i.RCC_ADCCLKConfig                       0x08001514   Section        0  stm32f10x_rcc.o(i.RCC_ADCCLKConfig)
    i.RCC_APB1PeriphClockCmd                 0x0800152c   Section        0  stm32f10x_rcc.o(i.RCC_APB1PeriphClockCmd)
    i.RCC_APB2PeriphClockCmd                 0x0800154c   Section        0  stm32f10x_rcc.o(i.RCC_APB2PeriphClockCmd)
    i.RP_GetValue                            0x0800156c   Section        0  rp.o(i.RP_GetValue)
    i.RP_Init                                0x080015d8   Section        0  rp.o(i.RP_Init)
    i.SVC_Handler                            0x0800166c   Section        0  stm32f10x_it.o(i.SVC_Handler)
    i.SetSysClock                            0x0800166e   Section        0  system_stm32f10x.o(i.SetSysClock)
    SetSysClock                              0x0800166f   Thumb Code     8  system_stm32f10x.o(i.SetSysClock)
    i.SetSysClockTo72                        0x08001678   Section        0  system_stm32f10x.o(i.SetSysClockTo72)
    SetSysClockTo72                          0x08001679   Thumb Code   214  system_stm32f10x.o(i.SetSysClockTo72)
    i.SysTick_Handler                        0x08001758   Section        0  stm32f10x_it.o(i.SysTick_Handler)
    i.SystemInit                             0x0800175c   Section        0  system_stm32f10x.o(i.SystemInit)
    i.TI1_Config                             0x080017bc   Section        0  stm32f10x_tim.o(i.TI1_Config)
    TI1_Config                               0x080017bd   Thumb Code   108  stm32f10x_tim.o(i.TI1_Config)
    i.TI2_Config                             0x0800183c   Section        0  stm32f10x_tim.o(i.TI2_Config)
    TI2_Config                               0x0800183d   Thumb Code   130  stm32f10x_tim.o(i.TI2_Config)
    i.TI3_Config                             0x080018d4   Section        0  stm32f10x_tim.o(i.TI3_Config)
    TI3_Config                               0x080018d5   Thumb Code   122  stm32f10x_tim.o(i.TI3_Config)
    i.TI4_Config                             0x08001964   Section        0  stm32f10x_tim.o(i.TI4_Config)
    TI4_Config                               0x08001965   Thumb Code   130  stm32f10x_tim.o(i.TI4_Config)
    i.TIM1_Motor_Init                        0x080019fc   Section        0  tim1_motor.o(i.TIM1_Motor_Init)
    i.TIM1_Motor_SetSpeed                    0x08001a2c   Section        0  tim1_motor.o(i.TIM1_Motor_SetSpeed)
    i.TIM1_PWM_Init                          0x08001ab0   Section        0  tim1_pwm.o(i.TIM1_PWM_Init)
    i.TIM2_Encoder_Get                       0x08001b6c   Section        0  tim2_4_encoder.o(i.TIM2_Encoder_Get)
    i.TIM2_Encoder_Init                      0x08001b88   Section        0  tim2_4_encoder.o(i.TIM2_Encoder_Init)
    i.TIM3_IRQHandler                        0x08001c2c   Section        0  main.o(i.TIM3_IRQHandler)
    i.TIM3_PID_Init                          0x08001d3c   Section        0  tim3_pid.o(i.TIM3_PID_Init)
    i.TIM4_Encoder_Get                       0x08001db8   Section        0  tim2_4_encoder.o(i.TIM4_Encoder_Get)
    i.TIM4_Encoder_Init                      0x08001dd4   Section        0  tim2_4_encoder.o(i.TIM4_Encoder_Init)
    i.TIM_ARRPreloadConfig                   0x08001e74   Section        0  stm32f10x_tim.o(i.TIM_ARRPreloadConfig)
    i.TIM_ClearFlag                          0x08001e8c   Section        0  stm32f10x_tim.o(i.TIM_ClearFlag)
    i.TIM_ClearITPendingBit                  0x08001e92   Section        0  stm32f10x_tim.o(i.TIM_ClearITPendingBit)
    i.TIM_Cmd                                0x08001e98   Section        0  stm32f10x_tim.o(i.TIM_Cmd)
    i.TIM_CtrlPWMOutputs                     0x08001eb0   Section        0  stm32f10x_tim.o(i.TIM_CtrlPWMOutputs)
    i.TIM_EncoderInterfaceConfig             0x08001ece   Section        0  stm32f10x_tim.o(i.TIM_EncoderInterfaceConfig)
    i.TIM_GetCounter                         0x08001f10   Section        0  stm32f10x_tim.o(i.TIM_GetCounter)
    i.TIM_GetITStatus                        0x08001f16   Section        0  stm32f10x_tim.o(i.TIM_GetITStatus)
    i.TIM_ICInit                             0x08001f38   Section        0  stm32f10x_tim.o(i.TIM_ICInit)
    i.TIM_ICStructInit                       0x08001fe4   Section        0  stm32f10x_tim.o(i.TIM_ICStructInit)
    i.TIM_ITConfig                           0x08001ff6   Section        0  stm32f10x_tim.o(i.TIM_ITConfig)
    i.TIM_InternalClockConfig                0x08002008   Section        0  stm32f10x_tim.o(i.TIM_InternalClockConfig)
    i.TIM_OC1Init                            0x08002014   Section        0  stm32f10x_tim.o(i.TIM_OC1Init)
    i.TIM_OC1PreloadConfig                   0x080020ac   Section        0  stm32f10x_tim.o(i.TIM_OC1PreloadConfig)
    i.TIM_OC4Init                            0x080020c0   Section        0  stm32f10x_tim.o(i.TIM_OC4Init)
    i.TIM_OC4PreloadConfig                   0x0800213c   Section        0  stm32f10x_tim.o(i.TIM_OC4PreloadConfig)
    i.TIM_OCStructInit                       0x08002156   Section        0  stm32f10x_tim.o(i.TIM_OCStructInit)
    i.TIM_SetCompare1                        0x0800216a   Section        0  stm32f10x_tim.o(i.TIM_SetCompare1)
    i.TIM_SetCompare4                        0x0800216e   Section        0  stm32f10x_tim.o(i.TIM_SetCompare4)
    i.TIM_SetCounter                         0x08002174   Section        0  stm32f10x_tim.o(i.TIM_SetCounter)
    i.TIM_SetIC1Prescaler                    0x08002178   Section        0  stm32f10x_tim.o(i.TIM_SetIC1Prescaler)
    i.TIM_SetIC2Prescaler                    0x0800218a   Section        0  stm32f10x_tim.o(i.TIM_SetIC2Prescaler)
    i.TIM_SetIC3Prescaler                    0x080021a4   Section        0  stm32f10x_tim.o(i.TIM_SetIC3Prescaler)
    i.TIM_SetIC4Prescaler                    0x080021b6   Section        0  stm32f10x_tim.o(i.TIM_SetIC4Prescaler)
    i.TIM_TimeBaseInit                       0x080021d0   Section        0  stm32f10x_tim.o(i.TIM_TimeBaseInit)
    i.USART1_IRQHandler                      0x08002274   Section        0  usart1.o(i.USART1_IRQHandler)
    i.USART2_IRQHandler                      0x080022ac   Section        0  usart2.o(i.USART2_IRQHandler)
    i.USART3_IRQHandler                      0x080022e4   Section        0  usart3_wabcam.o(i.USART3_IRQHandler)
    i.USART_ClearITPendingBit                0x0800231c   Section        0  stm32f10x_usart.o(i.USART_ClearITPendingBit)
    i.USART_GetITStatus                      0x0800233a   Section        0  stm32f10x_usart.o(i.USART_GetITStatus)
    i.USART_ReceiveData                      0x0800238e   Section        0  stm32f10x_usart.o(i.USART_ReceiveData)
    i.UsageFault_Handler                     0x08002398   Section        0  stm32f10x_it.o(i.UsageFault_Handler)
    i.__0vsprintf                            0x0800239c   Section        0  printfa.o(i.__0vsprintf)
    i.__scatterload_copy                     0x080023c0   Section       14  handlers.o(i.__scatterload_copy)
    i.__scatterload_null                     0x080023ce   Section        2  handlers.o(i.__scatterload_null)
    i.__scatterload_zeroinit                 0x080023d0   Section       14  handlers.o(i.__scatterload_zeroinit)
    i._fp_digits                             0x080023e0   Section        0  printfa.o(i._fp_digits)
    _fp_digits                               0x080023e1   Thumb Code   366  printfa.o(i._fp_digits)
    i._printf_core                           0x08002564   Section        0  printfa.o(i._printf_core)
    _printf_core                             0x08002565   Thumb Code  1744  printfa.o(i._printf_core)
    i._printf_post_padding                   0x08002c40   Section        0  printfa.o(i._printf_post_padding)
    _printf_post_padding                     0x08002c41   Thumb Code    36  printfa.o(i._printf_post_padding)
    i._printf_pre_padding                    0x08002c64   Section        0  printfa.o(i._printf_pre_padding)
    _printf_pre_padding                      0x08002c65   Thumb Code    46  printfa.o(i._printf_pre_padding)
    i._sputc                                 0x08002c92   Section        0  printfa.o(i._sputc)
    _sputc                                   0x08002c93   Thumb Code    10  printfa.o(i._sputc)
    i.main                                   0x08002c9c   Section        0  main.o(i.main)
    .constdata                               0x08002ef4   Section     3713  oled_data.o(.constdata)
    .data                                    0x20000000   Section        2  usart3_wabcam.o(.data)
    .data                                    0x20000002   Section        2  usart1.o(.data)
    .data                                    0x20000004   Section        2  usart2.o(.data)
    .data                                    0x20000006   Section        2  exti2_countsensor.o(.data)
    .data                                    0x20000008   Section      272  main.o(.data)
    Count1                                   0x20000110   Data           2  main.o(.data)
    Count2                                   0x20000112   Data           2  main.o(.data)
    Count3                                   0x20000114   Data           2  main.o(.data)
    Count4                                   0x20000116   Data           2  main.o(.data)
    .bss                                     0x20000118   Section     1024  oled.o(.bss)
    STACK                                    0x20000518   Section     1024  startup_stm32f10x_md.o(STACK)

    Global Symbols

    Symbol Name                              Value     Ov Type        Size  Object(Section)

    BuildAttributes$$THM_ISAv4$P$D$K$B$S$PE$A:L22UL41UL21$X:L11$S22US41US21$IEEE1$IW$USESV6$~STKCKD$USESV7$~SHL$OTIME$ROPI$IEEEX$EBA8$MICROLIB$REQ8$PRES8$EABIv2 0x00000000   Number         0  anon$$obj.o ABSOLUTE
    __ARM_use_no_argv                        0x00000000   Number         0  main.o ABSOLUTE
    __cpp_initialize__aeabi_                  - Undefined Weak Reference
    __cxa_finalize                            - Undefined Weak Reference
    __decompress                              - Undefined Weak Reference
    _clock_init                               - Undefined Weak Reference
    _microlib_exit                            - Undefined Weak Reference
    __Vectors_Size                           0x000000ec   Number         0  startup_stm32f10x_md.o ABSOLUTE
    __Vectors                                0x08000000   Data           4  startup_stm32f10x_md.o(RESET)
    __Vectors_End                            0x080000ec   Data           0  startup_stm32f10x_md.o(RESET)
    __main                                   0x080000ed   Thumb Code     0  entry.o(.ARM.Collect$$$$00000000)
    _main_stk                                0x080000ed   Thumb Code     0  entry2.o(.ARM.Collect$$$$00000001)
    _main_scatterload                        0x080000f1   Thumb Code     0  entry5.o(.ARM.Collect$$$$00000004)
    __main_after_scatterload                 0x080000f5   Thumb Code     0  entry5.o(.ARM.Collect$$$$00000004)
    _main_clock                              0x080000f5   Thumb Code     0  entry7b.o(.ARM.Collect$$$$00000008)
    _main_cpp_init                           0x080000f5   Thumb Code     0  entry8b.o(.ARM.Collect$$$$0000000A)
    _main_init                               0x080000f5   Thumb Code     0  entry9a.o(.ARM.Collect$$$$0000000B)
    __rt_final_cpp                           0x080000fd   Thumb Code     0  entry10a.o(.ARM.Collect$$$$0000000D)
    __rt_final_exit                          0x080000fd   Thumb Code     0  entry11a.o(.ARM.Collect$$$$0000000F)
    Reset_Handler                            0x08000101   Thumb Code     8  startup_stm32f10x_md.o(.text)
    ADC1_2_IRQHandler                        0x0800011b   Thumb Code     0  startup_stm32f10x_md.o(.text)
    CAN1_RX1_IRQHandler                      0x0800011b   Thumb Code     0  startup_stm32f10x_md.o(.text)
    CAN1_SCE_IRQHandler                      0x0800011b   Thumb Code     0  startup_stm32f10x_md.o(.text)
    DMA1_Channel1_IRQHandler                 0x0800011b   Thumb Code     0  startup_stm32f10x_md.o(.text)
    DMA1_Channel2_IRQHandler                 0x0800011b   Thumb Code     0  startup_stm32f10x_md.o(.text)
    DMA1_Channel3_IRQHandler                 0x0800011b   Thumb Code     0  startup_stm32f10x_md.o(.text)
    DMA1_Channel4_IRQHandler                 0x0800011b   Thumb Code     0  startup_stm32f10x_md.o(.text)
    DMA1_Channel5_IRQHandler                 0x0800011b   Thumb Code     0  startup_stm32f10x_md.o(.text)
    DMA1_Channel6_IRQHandler                 0x0800011b   Thumb Code     0  startup_stm32f10x_md.o(.text)
    DMA1_Channel7_IRQHandler                 0x0800011b   Thumb Code     0  startup_stm32f10x_md.o(.text)
    EXTI0_IRQHandler                         0x0800011b   Thumb Code     0  startup_stm32f10x_md.o(.text)
    EXTI1_IRQHandler                         0x0800011b   Thumb Code     0  startup_stm32f10x_md.o(.text)
    EXTI2_IRQHandler                         0x0800011b   Thumb Code     0  startup_stm32f10x_md.o(.text)
    EXTI3_IRQHandler                         0x0800011b   Thumb Code     0  startup_stm32f10x_md.o(.text)
    EXTI4_IRQHandler                         0x0800011b   Thumb Code     0  startup_stm32f10x_md.o(.text)
    EXTI9_5_IRQHandler                       0x0800011b   Thumb Code     0  startup_stm32f10x_md.o(.text)
    FLASH_IRQHandler                         0x0800011b   Thumb Code     0  startup_stm32f10x_md.o(.text)
    I2C1_ER_IRQHandler                       0x0800011b   Thumb Code     0  startup_stm32f10x_md.o(.text)
    I2C1_EV_IRQHandler                       0x0800011b   Thumb Code     0  startup_stm32f10x_md.o(.text)
    I2C2_ER_IRQHandler                       0x0800011b   Thumb Code     0  startup_stm32f10x_md.o(.text)
    I2C2_EV_IRQHandler                       0x0800011b   Thumb Code     0  startup_stm32f10x_md.o(.text)
    PVD_IRQHandler                           0x0800011b   Thumb Code     0  startup_stm32f10x_md.o(.text)
    RCC_IRQHandler                           0x0800011b   Thumb Code     0  startup_stm32f10x_md.o(.text)
    RTCAlarm_IRQHandler                      0x0800011b   Thumb Code     0  startup_stm32f10x_md.o(.text)
    RTC_IRQHandler                           0x0800011b   Thumb Code     0  startup_stm32f10x_md.o(.text)
    SPI1_IRQHandler                          0x0800011b   Thumb Code     0  startup_stm32f10x_md.o(.text)
    SPI2_IRQHandler                          0x0800011b   Thumb Code     0  startup_stm32f10x_md.o(.text)
    TAMPER_IRQHandler                        0x0800011b   Thumb Code     0  startup_stm32f10x_md.o(.text)
    TIM1_BRK_IRQHandler                      0x0800011b   Thumb Code     0  startup_stm32f10x_md.o(.text)
    TIM1_CC_IRQHandler                       0x0800011b   Thumb Code     0  startup_stm32f10x_md.o(.text)
    TIM1_TRG_COM_IRQHandler                  0x0800011b   Thumb Code     0  startup_stm32f10x_md.o(.text)
    TIM1_UP_IRQHandler                       0x0800011b   Thumb Code     0  startup_stm32f10x_md.o(.text)
    TIM2_IRQHandler                          0x0800011b   Thumb Code     0  startup_stm32f10x_md.o(.text)
    TIM4_IRQHandler                          0x0800011b   Thumb Code     0  startup_stm32f10x_md.o(.text)
    USBWakeUp_IRQHandler                     0x0800011b   Thumb Code     0  startup_stm32f10x_md.o(.text)
    USB_HP_CAN1_TX_IRQHandler                0x0800011b   Thumb Code     0  startup_stm32f10x_md.o(.text)
    USB_LP_CAN1_RX0_IRQHandler               0x0800011b   Thumb Code     0  startup_stm32f10x_md.o(.text)
    WWDG_IRQHandler                          0x0800011b   Thumb Code     0  startup_stm32f10x_md.o(.text)
    strcmp                                   0x08000125   Thumb Code    28  strcmp.o(.text)
    __aeabi_fadd                             0x08000141   Thumb Code   164  fadd.o(.text)
    __aeabi_fsub                             0x080001e5   Thumb Code     6  fadd.o(.text)
    __aeabi_frsub                            0x080001eb   Thumb Code     6  fadd.o(.text)
    __aeabi_fmul                             0x080001f1   Thumb Code   100  fmul.o(.text)
    __aeabi_fdiv                             0x08000255   Thumb Code   124  fdiv.o(.text)
    __aeabi_dadd                             0x080002d1   Thumb Code   322  dadd.o(.text)
    __aeabi_dsub                             0x08000413   Thumb Code     6  dadd.o(.text)
    __aeabi_drsub                            0x08000419   Thumb Code     6  dadd.o(.text)
    __aeabi_dmul                             0x0800041f   Thumb Code   228  dmul.o(.text)
    __aeabi_ddiv                             0x08000503   Thumb Code   222  ddiv.o(.text)
    __aeabi_i2f                              0x080005e1   Thumb Code    18  fflti.o(.text)
    __aeabi_ui2d                             0x080005f3   Thumb Code    26  dfltui.o(.text)
    __aeabi_f2iz                             0x0800060d   Thumb Code    50  ffixi.o(.text)
    __aeabi_f2d                              0x0800063f   Thumb Code    38  f2d.o(.text)
    __aeabi_cdcmpeq                          0x08000665   Thumb Code     0  cdcmple.o(.text)
    __aeabi_cdcmple                          0x08000665   Thumb Code    48  cdcmple.o(.text)
    __aeabi_cdrcmple                         0x08000695   Thumb Code    48  cdrcmple.o(.text)
    __aeabi_d2f                              0x080006c5   Thumb Code    56  d2f.o(.text)
    __aeabi_cfcmpeq                          0x080006fd   Thumb Code     0  cfcmple.o(.text)
    __aeabi_cfcmple                          0x080006fd   Thumb Code    20  cfcmple.o(.text)
    __aeabi_cfrcmple                         0x08000711   Thumb Code    20  cfrcmple.o(.text)
    __aeabi_uidiv                            0x08000725   Thumb Code     0  uidiv.o(.text)
    __aeabi_uidivmod                         0x08000725   Thumb Code    44  uidiv.o(.text)
    __aeabi_uldivmod                         0x08000751   Thumb Code    98  uldiv.o(.text)
    __aeabi_llsl                             0x080007b3   Thumb Code    30  llshl.o(.text)
    _ll_shift_l                              0x080007b3   Thumb Code     0  llshl.o(.text)
    __aeabi_llsr                             0x080007d1   Thumb Code    32  llushr.o(.text)
    _ll_ushift_r                             0x080007d1   Thumb Code     0  llushr.o(.text)
    __aeabi_lasr                             0x080007f1   Thumb Code    36  llsshr.o(.text)
    _ll_sshift_r                             0x080007f1   Thumb Code     0  llsshr.o(.text)
    __I$use$fp                               0x08000815   Thumb Code     0  iusefp.o(.text)
    _float_round                             0x08000815   Thumb Code    18  fepilogue.o(.text)
    _float_epilogue                          0x08000827   Thumb Code    92  fepilogue.o(.text)
    _double_round                            0x08000883   Thumb Code    30  depilogue.o(.text)
    _double_epilogue                         0x080008a1   Thumb Code   156  depilogue.o(.text)
    __aeabi_d2ulz                            0x0800093d   Thumb Code    48  dfixul.o(.text)
    __scatterload                            0x0800096d   Thumb Code    28  init.o(.text)
    __scatterload_rt2                        0x0800096d   Thumb Code     0  init.o(.text)
    ADC_Cmd                                  0x08000991   Thumb Code    22  stm32f10x_adc.o(i.ADC_Cmd)
    ADC_GetCalibrationStatus                 0x080009a7   Thumb Code    20  stm32f10x_adc.o(i.ADC_GetCalibrationStatus)
    ADC_GetConversionValue                   0x080009bb   Thumb Code     8  stm32f10x_adc.o(i.ADC_GetConversionValue)
    ADC_GetFlagStatus                        0x080009c3   Thumb Code    18  stm32f10x_adc.o(i.ADC_GetFlagStatus)
    ADC_GetResetCalibrationStatus            0x080009d5   Thumb Code    20  stm32f10x_adc.o(i.ADC_GetResetCalibrationStatus)
    ADC_Init                                 0x080009e9   Thumb Code    70  stm32f10x_adc.o(i.ADC_Init)
    ADC_RegularChannelConfig                 0x08000a39   Thumb Code   184  stm32f10x_adc.o(i.ADC_RegularChannelConfig)
    ADC_ResetCalibration                     0x08000af1   Thumb Code    10  stm32f10x_adc.o(i.ADC_ResetCalibration)
    ADC_SoftwareStartConvCmd                 0x08000afb   Thumb Code    22  stm32f10x_adc.o(i.ADC_SoftwareStartConvCmd)
    ADC_StartCalibration                     0x08000b11   Thumb Code    10  stm32f10x_adc.o(i.ADC_StartCalibration)
    BusFault_Handler                         0x08000b1b   Thumb Code     4  stm32f10x_it.o(i.BusFault_Handler)
    DebugMon_Handler                         0x08000b1f   Thumb Code     2  stm32f10x_it.o(i.DebugMon_Handler)
    EXTI15_10_IRQHandler                     0x08000b21   Thumb Code    44  exti2_countsensor.o(i.EXTI15_10_IRQHandler)
    EXTI_ClearITPendingBit                   0x08000b55   Thumb Code     6  stm32f10x_exti.o(i.EXTI_ClearITPendingBit)
    EXTI_GetITStatus                         0x08000b61   Thumb Code    34  stm32f10x_exti.o(i.EXTI_GetITStatus)
    GPIO_Init                                0x08000b89   Thumb Code   278  stm32f10x_gpio.o(i.GPIO_Init)
    GPIO_ReadInputDataBit                    0x08000c9f   Thumb Code    18  stm32f10x_gpio.o(i.GPIO_ReadInputDataBit)
    GPIO_ResetBits                           0x08000cb1   Thumb Code     4  stm32f10x_gpio.o(i.GPIO_ResetBits)
    GPIO_SetBits                             0x08000cb5   Thumb Code     4  stm32f10x_gpio.o(i.GPIO_SetBits)
    GPIO_WriteBit                            0x08000cb9   Thumb Code    10  stm32f10x_gpio.o(i.GPIO_WriteBit)
    HardFault_Handler                        0x08000cc3   Thumb Code     4  stm32f10x_it.o(i.HardFault_Handler)
    LED1_ON                                  0x08000cc9   Thumb Code    14  led.o(i.LED1_ON)
    LED2_ON                                  0x08000cdd   Thumb Code    14  led.o(i.LED2_ON)
    LED_Init                                 0x08000cf1   Thumb Code    50  led.o(i.LED_Init)
    MemManage_Handler                        0x08000d29   Thumb Code     4  stm32f10x_it.o(i.MemManage_Handler)
    NMI_Handler                              0x08000d2d   Thumb Code     2  stm32f10x_it.o(i.NMI_Handler)
    NVIC_Init                                0x08000d31   Thumb Code   100  misc.o(i.NVIC_Init)
    NVIC_PriorityGroupConfig                 0x08000da1   Thumb Code    10  misc.o(i.NVIC_PriorityGroupConfig)
    OLED_Clear                               0x08000db5   Thumb Code    36  oled.o(i.OLED_Clear)
    OLED_ClearArea                           0x08000ddd   Thumb Code   140  oled.o(i.OLED_ClearArea)
    OLED_GPIO_Init                           0x08000e6d   Thumb Code    92  oled.o(i.OLED_GPIO_Init)
    OLED_I2C_SendByte                        0x08000ecd   Thumb Code    62  oled.o(i.OLED_I2C_SendByte)
    OLED_I2C_Start                           0x08000f0b   Thumb Code    28  oled.o(i.OLED_I2C_Start)
    OLED_I2C_Stop                            0x08000f27   Thumb Code    22  oled.o(i.OLED_I2C_Stop)
    OLED_Init                                0x08000f3d   Thumb Code   154  oled.o(i.OLED_Init)
    OLED_Printf                              0x08000fd7   Thumb Code    50  oled.o(i.OLED_Printf)
    OLED_SetCursor                           0x08001009   Thumb Code    34  oled.o(i.OLED_SetCursor)
    OLED_ShowChar                            0x0800102d   Thumb Code    74  oled.o(i.OLED_ShowChar)
    OLED_ShowImage                           0x08001081   Thumb Code   248  oled.o(i.OLED_ShowImage)
    OLED_ShowString                          0x0800117d   Thumb Code   442  oled.o(i.OLED_ShowString)
    OLED_Update                              0x08001341   Thumb Code    36  oled.o(i.OLED_Update)
    OLED_W_SCL                               0x08001369   Thumb Code    18  oled.o(i.OLED_W_SCL)
    OLED_W_SDA                               0x08001381   Thumb Code    18  oled.o(i.OLED_W_SDA)
    OLED_WriteCommand                        0x08001399   Thumb Code    32  oled.o(i.OLED_WriteCommand)
    OLED_WriteData                           0x080013b9   Thumb Code    46  oled.o(i.OLED_WriteData)
    PID_Sim_Update                           0x080013e9   Thumb Code   252  tim3_pid.o(i.PID_Sim_Update)
    PWM_SetCompare1                          0x080014e9   Thumb Code    14  tim1_pwm.o(i.PWM_SetCompare1)
    PWM_SetCompare4                          0x080014fd   Thumb Code    14  tim1_pwm.o(i.PWM_SetCompare4)
    PendSV_Handler                           0x08001511   Thumb Code     2  stm32f10x_it.o(i.PendSV_Handler)
    RCC_ADCCLKConfig                         0x08001515   Thumb Code    18  stm32f10x_rcc.o(i.RCC_ADCCLKConfig)
    RCC_APB1PeriphClockCmd                   0x0800152d   Thumb Code    26  stm32f10x_rcc.o(i.RCC_APB1PeriphClockCmd)
    RCC_APB2PeriphClockCmd                   0x0800154d   Thumb Code    26  stm32f10x_rcc.o(i.RCC_APB2PeriphClockCmd)
    RP_GetValue                              0x0800156d   Thumb Code   104  rp.o(i.RP_GetValue)
    RP_Init                                  0x080015d9   Thumb Code   138  rp.o(i.RP_Init)
    SVC_Handler                              0x0800166d   Thumb Code     2  stm32f10x_it.o(i.SVC_Handler)
    SysTick_Handler                          0x08001759   Thumb Code     2  stm32f10x_it.o(i.SysTick_Handler)
    SystemInit                               0x0800175d   Thumb Code    78  system_stm32f10x.o(i.SystemInit)
    TIM1_Motor_Init                          0x080019fd   Thumb Code    44  tim1_motor.o(i.TIM1_Motor_Init)
    TIM1_Motor_SetSpeed                      0x08001a2d   Thumb Code   128  tim1_motor.o(i.TIM1_Motor_SetSpeed)
    TIM1_PWM_Init                            0x08001ab1   Thumb Code   180  tim1_pwm.o(i.TIM1_PWM_Init)
    TIM2_Encoder_Get                         0x08001b6d   Thumb Code    26  tim2_4_encoder.o(i.TIM2_Encoder_Get)
    TIM2_Encoder_Init                        0x08001b89   Thumb Code   158  tim2_4_encoder.o(i.TIM2_Encoder_Init)
    TIM3_IRQHandler                          0x08001c2d   Thumb Code   222  main.o(i.TIM3_IRQHandler)
    TIM3_PID_Init                            0x08001d3d   Thumb Code   118  tim3_pid.o(i.TIM3_PID_Init)
    TIM4_Encoder_Get                         0x08001db9   Thumb Code    22  tim2_4_encoder.o(i.TIM4_Encoder_Get)
    TIM4_Encoder_Init                        0x08001dd5   Thumb Code   152  tim2_4_encoder.o(i.TIM4_Encoder_Init)
    TIM_ARRPreloadConfig                     0x08001e75   Thumb Code    24  stm32f10x_tim.o(i.TIM_ARRPreloadConfig)
    TIM_ClearFlag                            0x08001e8d   Thumb Code     6  stm32f10x_tim.o(i.TIM_ClearFlag)
    TIM_ClearITPendingBit                    0x08001e93   Thumb Code     6  stm32f10x_tim.o(i.TIM_ClearITPendingBit)
    TIM_Cmd                                  0x08001e99   Thumb Code    24  stm32f10x_tim.o(i.TIM_Cmd)
    TIM_CtrlPWMOutputs                       0x08001eb1   Thumb Code    30  stm32f10x_tim.o(i.TIM_CtrlPWMOutputs)
    TIM_EncoderInterfaceConfig               0x08001ecf   Thumb Code    66  stm32f10x_tim.o(i.TIM_EncoderInterfaceConfig)
    TIM_GetCounter                           0x08001f11   Thumb Code     6  stm32f10x_tim.o(i.TIM_GetCounter)
    TIM_GetITStatus                          0x08001f17   Thumb Code    34  stm32f10x_tim.o(i.TIM_GetITStatus)
    TIM_ICInit                               0x08001f39   Thumb Code   150  stm32f10x_tim.o(i.TIM_ICInit)
    TIM_ICStructInit                         0x08001fe5   Thumb Code    18  stm32f10x_tim.o(i.TIM_ICStructInit)
    TIM_ITConfig                             0x08001ff7   Thumb Code    18  stm32f10x_tim.o(i.TIM_ITConfig)
    TIM_InternalClockConfig                  0x08002009   Thumb Code    12  stm32f10x_tim.o(i.TIM_InternalClockConfig)
    TIM_OC1Init                              0x08002015   Thumb Code   132  stm32f10x_tim.o(i.TIM_OC1Init)
    TIM_OC1PreloadConfig                     0x080020ad   Thumb Code    18  stm32f10x_tim.o(i.TIM_OC1PreloadConfig)
    TIM_OC4Init                              0x080020c1   Thumb Code   114  stm32f10x_tim.o(i.TIM_OC4Init)
    TIM_OC4PreloadConfig                     0x0800213d   Thumb Code    26  stm32f10x_tim.o(i.TIM_OC4PreloadConfig)
    TIM_OCStructInit                         0x08002157   Thumb Code    20  stm32f10x_tim.o(i.TIM_OCStructInit)
    TIM_SetCompare1                          0x0800216b   Thumb Code     4  stm32f10x_tim.o(i.TIM_SetCompare1)
    TIM_SetCompare4                          0x0800216f   Thumb Code     6  stm32f10x_tim.o(i.TIM_SetCompare4)
    TIM_SetCounter                           0x08002175   Thumb Code     4  stm32f10x_tim.o(i.TIM_SetCounter)
    TIM_SetIC1Prescaler                      0x08002179   Thumb Code    18  stm32f10x_tim.o(i.TIM_SetIC1Prescaler)
    TIM_SetIC2Prescaler                      0x0800218b   Thumb Code    26  stm32f10x_tim.o(i.TIM_SetIC2Prescaler)
    TIM_SetIC3Prescaler                      0x080021a5   Thumb Code    18  stm32f10x_tim.o(i.TIM_SetIC3Prescaler)
    TIM_SetIC4Prescaler                      0x080021b7   Thumb Code    26  stm32f10x_tim.o(i.TIM_SetIC4Prescaler)
    TIM_TimeBaseInit                         0x080021d1   Thumb Code   122  stm32f10x_tim.o(i.TIM_TimeBaseInit)
    USART1_IRQHandler                        0x08002275   Thumb Code    44  usart1.o(i.USART1_IRQHandler)
    USART2_IRQHandler                        0x080022ad   Thumb Code    44  usart2.o(i.USART2_IRQHandler)
    USART3_IRQHandler                        0x080022e5   Thumb Code    44  usart3_wabcam.o(i.USART3_IRQHandler)
    USART_ClearITPendingBit                  0x0800231d   Thumb Code    30  stm32f10x_usart.o(i.USART_ClearITPendingBit)
    USART_GetITStatus                        0x0800233b   Thumb Code    84  stm32f10x_usart.o(i.USART_GetITStatus)
    USART_ReceiveData                        0x0800238f   Thumb Code    10  stm32f10x_usart.o(i.USART_ReceiveData)
    UsageFault_Handler                       0x08002399   Thumb Code     4  stm32f10x_it.o(i.UsageFault_Handler)
    __0vsprintf                              0x0800239d   Thumb Code    30  printfa.o(i.__0vsprintf)
    __1vsprintf                              0x0800239d   Thumb Code     0  printfa.o(i.__0vsprintf)
    __2vsprintf                              0x0800239d   Thumb Code     0  printfa.o(i.__0vsprintf)
    __c89vsprintf                            0x0800239d   Thumb Code     0  printfa.o(i.__0vsprintf)
    vsprintf                                 0x0800239d   Thumb Code     0  printfa.o(i.__0vsprintf)
    __scatterload_copy                       0x080023c1   Thumb Code    14  handlers.o(i.__scatterload_copy)
    __scatterload_null                       0x080023cf   Thumb Code     2  handlers.o(i.__scatterload_null)
    __scatterload_zeroinit                   0x080023d1   Thumb Code    14  handlers.o(i.__scatterload_zeroinit)
    main                                     0x08002c9d   Thumb Code   480  main.o(i.main)
    OLED_F8x16                               0x08002ef4   Data        1520  oled_data.o(.constdata)
    OLED_F6x8                                0x080034e4   Data         570  oled_data.o(.constdata)
    OLED_CF16x16                             0x0800371e   Data        1591  oled_data.o(.constdata)
    Diode                                    0x08003d55   Data          32  oled_data.o(.constdata)
    Region$$Table$$Base                      0x08003d78   Number         0  anon$$obj.o(Region$$Table)
    Region$$Table$$Limit                     0x08003d98   Number         0  anon$$obj.o(Region$$Table)
    USART3_Serial_RxData                     0x20000000   Data           1  usart3_wabcam.o(.data)
    USART3_Serial_RxFlag                     0x20000001   Data           1  usart3_wabcam.o(.data)
    USART1_Serial_RxData                     0x20000002   Data           1  usart1.o(.data)
    USART1_Serial_RxFlag                     0x20000003   Data           1  usart1.o(.data)
    USART2_Serial_RxData                     0x20000004   Data           1  usart2.o(.data)
    USART2_Serial_RxFlag                     0x20000005   Data           1  usart2.o(.data)
    CountSensor_Count                        0x20000006   Data           2  exti2_countsensor.o(.data)
    Speed_Left                               0x20000008   Data           2  main.o(.data)
    Speed_Right                              0x2000000a   Data           2  main.o(.data)
    Location_Left                            0x2000000c   Data           2  main.o(.data)
    Location_Right                           0x2000000e   Data           2  main.o(.data)
    out_left                                 0x20000010   Data           2  main.o(.data)
    out_right                                0x20000012   Data           2  main.o(.data)
    error_pos                                0x20000014   Data           4  main.o(.data)
    error                                    0x20000018   Data           4  main.o(.data)
    track_out                                0x2000001c   Data           4  main.o(.data)
    Inner_Left                               0x20000020   Data          60  main.o(.data)
    Inner_Right                              0x2000005c   Data          60  main.o(.data)
    OOuter                                   0x20000098   Data          60  main.o(.data)
    Track_PID                                0x200000d4   Data          60  main.o(.data)
    OLED_DisplayBuf                          0x20000118   Data        1024  oled.o(.bss)
    __initial_sp                             0x20000918   Data           0  startup_stm32f10x_md.o(STACK)



==============================================================================

Memory Map of the image

  Image Entry point : 0x080000ed

  Load Region LR_IROM1 (Base: 0x08000000, Size: 0x00003eb0, Max: 0x00040000, ABSOLUTE)

    Execution Region ER_IROM1 (Exec base: 0x08000000, Load base: 0x08000000, Size: 0x00003d98, Max: 0x00040000, ABSOLUTE)

    Exec Addr    Load Addr    Size         Type   Attr      Idx    E Section Name        Object

    0x08000000   0x08000000   0x000000ec   Data   RO            3    RESET               startup_stm32f10x_md.o
    0x080000ec   0x080000ec   0x00000000   Code   RO         5172  * .ARM.Collect$$$$00000000  mc_w.l(entry.o)
    0x080000ec   0x080000ec   0x00000004   Code   RO         5303    .ARM.Collect$$$$00000001  mc_w.l(entry2.o)
    0x080000f0   0x080000f0   0x00000004   Code   RO         5306    .ARM.Collect$$$$00000004  mc_w.l(entry5.o)
    0x080000f4   0x080000f4   0x00000000   Code   RO         5308    .ARM.Collect$$$$00000008  mc_w.l(entry7b.o)
    0x080000f4   0x080000f4   0x00000000   Code   RO         5310    .ARM.Collect$$$$0000000A  mc_w.l(entry8b.o)
    0x080000f4   0x080000f4   0x00000008   Code   RO         5311    .ARM.Collect$$$$0000000B  mc_w.l(entry9a.o)
    0x080000fc   0x080000fc   0x00000000   Code   RO         5313    .ARM.Collect$$$$0000000D  mc_w.l(entry10a.o)
    0x080000fc   0x080000fc   0x00000000   Code   RO         5315    .ARM.Collect$$$$0000000F  mc_w.l(entry11a.o)
    0x080000fc   0x080000fc   0x00000004   Code   RO         5304    .ARM.Collect$$$$00002712  mc_w.l(entry2.o)
    0x08000100   0x08000100   0x00000024   Code   RO            4    .text               startup_stm32f10x_md.o
    0x08000124   0x08000124   0x0000001c   Code   RO         5192    .text               mc_w.l(strcmp.o)
    0x08000140   0x08000140   0x000000b0   Code   RO         5226    .text               mf_w.l(fadd.o)
    0x080001f0   0x080001f0   0x00000064   Code   RO         5228    .text               mf_w.l(fmul.o)
    0x08000254   0x08000254   0x0000007c   Code   RO         5230    .text               mf_w.l(fdiv.o)
    0x080002d0   0x080002d0   0x0000014e   Code   RO         5232    .text               mf_w.l(dadd.o)
    0x0800041e   0x0800041e   0x000000e4   Code   RO         5234    .text               mf_w.l(dmul.o)
    0x08000502   0x08000502   0x000000de   Code   RO         5236    .text               mf_w.l(ddiv.o)
    0x080005e0   0x080005e0   0x00000012   Code   RO         5238    .text               mf_w.l(fflti.o)
    0x080005f2   0x080005f2   0x0000001a   Code   RO         5244    .text               mf_w.l(dfltui.o)
    0x0800060c   0x0800060c   0x00000032   Code   RO         5246    .text               mf_w.l(ffixi.o)
    0x0800063e   0x0800063e   0x00000026   Code   RO         5254    .text               mf_w.l(f2d.o)
    0x08000664   0x08000664   0x00000030   Code   RO         5256    .text               mf_w.l(cdcmple.o)
    0x08000694   0x08000694   0x00000030   Code   RO         5258    .text               mf_w.l(cdrcmple.o)
    0x080006c4   0x080006c4   0x00000038   Code   RO         5260    .text               mf_w.l(d2f.o)
    0x080006fc   0x080006fc   0x00000014   Code   RO         5262    .text               mf_w.l(cfcmple.o)
    0x08000710   0x08000710   0x00000014   Code   RO         5264    .text               mf_w.l(cfrcmple.o)
    0x08000724   0x08000724   0x0000002c   Code   RO         5320    .text               mc_w.l(uidiv.o)
    0x08000750   0x08000750   0x00000062   Code   RO         5322    .text               mc_w.l(uldiv.o)
    0x080007b2   0x080007b2   0x0000001e   Code   RO         5324    .text               mc_w.l(llshl.o)
    0x080007d0   0x080007d0   0x00000020   Code   RO         5326    .text               mc_w.l(llushr.o)
    0x080007f0   0x080007f0   0x00000024   Code   RO         5328    .text               mc_w.l(llsshr.o)
    0x08000814   0x08000814   0x00000000   Code   RO         5343    .text               mc_w.l(iusefp.o)
    0x08000814   0x08000814   0x0000006e   Code   RO         5344    .text               mf_w.l(fepilogue.o)
    0x08000882   0x08000882   0x000000ba   Code   RO         5346    .text               mf_w.l(depilogue.o)
    0x0800093c   0x0800093c   0x00000030   Code   RO         5352    .text               mf_w.l(dfixul.o)
    0x0800096c   0x0800096c   0x00000024   Code   RO         5354    .text               mc_w.l(init.o)
    0x08000990   0x08000990   0x00000016   Code   RO          202    i.ADC_Cmd           stm32f10x_adc.o
    0x080009a6   0x080009a6   0x00000014   Code   RO          210    i.ADC_GetCalibrationStatus  stm32f10x_adc.o
    0x080009ba   0x080009ba   0x00000008   Code   RO          211    i.ADC_GetConversionValue  stm32f10x_adc.o
    0x080009c2   0x080009c2   0x00000012   Code   RO          213    i.ADC_GetFlagStatus  stm32f10x_adc.o
    0x080009d4   0x080009d4   0x00000014   Code   RO          216    i.ADC_GetResetCalibrationStatus  stm32f10x_adc.o
    0x080009e8   0x080009e8   0x00000050   Code   RO          220    i.ADC_Init          stm32f10x_adc.o
    0x08000a38   0x08000a38   0x000000b8   Code   RO          224    i.ADC_RegularChannelConfig  stm32f10x_adc.o
    0x08000af0   0x08000af0   0x0000000a   Code   RO          225    i.ADC_ResetCalibration  stm32f10x_adc.o
    0x08000afa   0x08000afa   0x00000016   Code   RO          227    i.ADC_SoftwareStartConvCmd  stm32f10x_adc.o
    0x08000b10   0x08000b10   0x0000000a   Code   RO          229    i.ADC_StartCalibration  stm32f10x_adc.o
    0x08000b1a   0x08000b1a   0x00000004   Code   RO         5089    i.BusFault_Handler  stm32f10x_it.o
    0x08000b1e   0x08000b1e   0x00000002   Code   RO         5090    i.DebugMon_Handler  stm32f10x_it.o
    0x08000b20   0x08000b20   0x00000034   Code   RO         4868    i.EXTI15_10_IRQHandler  exti2_countsensor.o
    0x08000b54   0x08000b54   0x0000000c   Code   RO          985    i.EXTI_ClearITPendingBit  stm32f10x_exti.o
    0x08000b60   0x08000b60   0x00000028   Code   RO          989    i.EXTI_GetITStatus  stm32f10x_exti.o
    0x08000b88   0x08000b88   0x00000116   Code   RO         1347    i.GPIO_Init         stm32f10x_gpio.o
    0x08000c9e   0x08000c9e   0x00000012   Code   RO         1351    i.GPIO_ReadInputDataBit  stm32f10x_gpio.o
    0x08000cb0   0x08000cb0   0x00000004   Code   RO         1354    i.GPIO_ResetBits    stm32f10x_gpio.o
    0x08000cb4   0x08000cb4   0x00000004   Code   RO         1355    i.GPIO_SetBits      stm32f10x_gpio.o
    0x08000cb8   0x08000cb8   0x0000000a   Code   RO         1358    i.GPIO_WriteBit     stm32f10x_gpio.o
    0x08000cc2   0x08000cc2   0x00000004   Code   RO         5091    i.HardFault_Handler  stm32f10x_it.o
    0x08000cc6   0x08000cc6   0x00000002   PAD
    0x08000cc8   0x08000cc8   0x00000014   Code   RO         3328    i.LED1_ON           led.o
    0x08000cdc   0x08000cdc   0x00000014   Code   RO         3331    i.LED2_ON           led.o
    0x08000cf0   0x08000cf0   0x00000038   Code   RO         3333    i.LED_Init          led.o
    0x08000d28   0x08000d28   0x00000004   Code   RO         5092    i.MemManage_Handler  stm32f10x_it.o
    0x08000d2c   0x08000d2c   0x00000002   Code   RO         5093    i.NMI_Handler       stm32f10x_it.o
    0x08000d2e   0x08000d2e   0x00000002   PAD
    0x08000d30   0x08000d30   0x00000070   Code   RO          137    i.NVIC_Init         misc.o
    0x08000da0   0x08000da0   0x00000014   Code   RO          138    i.NVIC_PriorityGroupConfig  misc.o
    0x08000db4   0x08000db4   0x00000028   Code   RO         3398    i.OLED_Clear        oled.o
    0x08000ddc   0x08000ddc   0x00000090   Code   RO         3399    i.OLED_ClearArea    oled.o
    0x08000e6c   0x08000e6c   0x00000060   Code   RO         3407    i.OLED_GPIO_Init    oled.o
    0x08000ecc   0x08000ecc   0x0000003e   Code   RO         3409    i.OLED_I2C_SendByte  oled.o
    0x08000f0a   0x08000f0a   0x0000001c   Code   RO         3410    i.OLED_I2C_Start    oled.o
    0x08000f26   0x08000f26   0x00000016   Code   RO         3411    i.OLED_I2C_Stop     oled.o
    0x08000f3c   0x08000f3c   0x0000009a   Code   RO         3412    i.OLED_Init         oled.o
    0x08000fd6   0x08000fd6   0x00000032   Code   RO         3415    i.OLED_Printf       oled.o
    0x08001008   0x08001008   0x00000022   Code   RO         3418    i.OLED_SetCursor    oled.o
    0x0800102a   0x0800102a   0x00000002   PAD
    0x0800102c   0x0800102c   0x00000054   Code   RO         3420    i.OLED_ShowChar     oled.o
    0x08001080   0x08001080   0x000000fc   Code   RO         3423    i.OLED_ShowImage    oled.o
    0x0800117c   0x0800117c   0x000001c4   Code   RO         3426    i.OLED_ShowString   oled.o
    0x08001340   0x08001340   0x00000028   Code   RO         3427    i.OLED_Update       oled.o
    0x08001368   0x08001368   0x00000018   Code   RO         3429    i.OLED_W_SCL        oled.o
    0x08001380   0x08001380   0x00000018   Code   RO         3430    i.OLED_W_SDA        oled.o
    0x08001398   0x08001398   0x00000020   Code   RO         3431    i.OLED_WriteCommand  oled.o
    0x080013b8   0x080013b8   0x0000002e   Code   RO         3432    i.OLED_WriteData    oled.o
    0x080013e6   0x080013e6   0x00000002   PAD
    0x080013e8   0x080013e8   0x00000100   Code   RO         4987    i.PID_Sim_Update    tim3_pid.o
    0x080014e8   0x080014e8   0x00000014   Code   RO         4812    i.PWM_SetCompare1   tim1_pwm.o
    0x080014fc   0x080014fc   0x00000014   Code   RO         4813    i.PWM_SetCompare4   tim1_pwm.o
    0x08001510   0x08001510   0x00000002   Code   RO         5094    i.PendSV_Handler    stm32f10x_it.o
    0x08001512   0x08001512   0x00000002   PAD
    0x08001514   0x08001514   0x00000018   Code   RO         1773    i.RCC_ADCCLKConfig  stm32f10x_rcc.o
    0x0800152c   0x0800152c   0x00000020   Code   RO         1775    i.RCC_APB1PeriphClockCmd  stm32f10x_rcc.o
    0x0800154c   0x0800154c   0x00000020   Code   RO         1777    i.RCC_APB2PeriphClockCmd  stm32f10x_rcc.o
    0x0800156c   0x0800156c   0x0000006c   Code   RO         3663    i.RP_GetValue       rp.o
    0x080015d8   0x080015d8   0x00000094   Code   RO         3664    i.RP_Init           rp.o
    0x0800166c   0x0800166c   0x00000002   Code   RO         5095    i.SVC_Handler       stm32f10x_it.o
    0x0800166e   0x0800166e   0x00000008   Code   RO           24    i.SetSysClock       system_stm32f10x.o
    0x08001676   0x08001676   0x00000002   PAD
    0x08001678   0x08001678   0x000000e0   Code   RO           25    i.SetSysClockTo72   system_stm32f10x.o
    0x08001758   0x08001758   0x00000002   Code   RO         5096    i.SysTick_Handler   stm32f10x_it.o
    0x0800175a   0x0800175a   0x00000002   PAD
    0x0800175c   0x0800175c   0x00000060   Code   RO           27    i.SystemInit        system_stm32f10x.o
    0x080017bc   0x080017bc   0x00000080   Code   RO         2405    i.TI1_Config        stm32f10x_tim.o
    0x0800183c   0x0800183c   0x00000098   Code   RO         2406    i.TI2_Config        stm32f10x_tim.o
    0x080018d4   0x080018d4   0x00000090   Code   RO         2407    i.TI3_Config        stm32f10x_tim.o
    0x08001964   0x08001964   0x00000098   Code   RO         2408    i.TI4_Config        stm32f10x_tim.o
    0x080019fc   0x080019fc   0x00000030   Code   RO         4791    i.TIM1_Motor_Init   tim1_motor.o
    0x08001a2c   0x08001a2c   0x00000084   Code   RO         4792    i.TIM1_Motor_SetSpeed  tim1_motor.o
    0x08001ab0   0x08001ab0   0x000000bc   Code   RO         4814    i.TIM1_PWM_Init     tim1_pwm.o
    0x08001b6c   0x08001b6c   0x0000001a   Code   RO         4957    i.TIM2_Encoder_Get  tim2_4_encoder.o
    0x08001b86   0x08001b86   0x00000002   PAD
    0x08001b88   0x08001b88   0x000000a4   Code   RO         4958    i.TIM2_Encoder_Init  tim2_4_encoder.o
    0x08001c2c   0x08001c2c   0x00000110   Code   RO         5036    i.TIM3_IRQHandler   main.o
    0x08001d3c   0x08001d3c   0x0000007c   Code   RO         4989    i.TIM3_PID_Init     tim3_pid.o
    0x08001db8   0x08001db8   0x0000001c   Code   RO         4959    i.TIM4_Encoder_Get  tim2_4_encoder.o
    0x08001dd4   0x08001dd4   0x000000a0   Code   RO         4960    i.TIM4_Encoder_Init  tim2_4_encoder.o
    0x08001e74   0x08001e74   0x00000018   Code   RO         2409    i.TIM_ARRPreloadConfig  stm32f10x_tim.o
    0x08001e8c   0x08001e8c   0x00000006   Code   RO         2415    i.TIM_ClearFlag     stm32f10x_tim.o
    0x08001e92   0x08001e92   0x00000006   Code   RO         2416    i.TIM_ClearITPendingBit  stm32f10x_tim.o
    0x08001e98   0x08001e98   0x00000018   Code   RO         2421    i.TIM_Cmd           stm32f10x_tim.o
    0x08001eb0   0x08001eb0   0x0000001e   Code   RO         2423    i.TIM_CtrlPWMOutputs  stm32f10x_tim.o
    0x08001ece   0x08001ece   0x00000042   Code   RO         2430    i.TIM_EncoderInterfaceConfig  stm32f10x_tim.o
    0x08001f10   0x08001f10   0x00000006   Code   RO         2440    i.TIM_GetCounter    stm32f10x_tim.o
    0x08001f16   0x08001f16   0x00000022   Code   RO         2442    i.TIM_GetITStatus   stm32f10x_tim.o
    0x08001f38   0x08001f38   0x000000ac   Code   RO         2444    i.TIM_ICInit        stm32f10x_tim.o
    0x08001fe4   0x08001fe4   0x00000012   Code   RO         2445    i.TIM_ICStructInit  stm32f10x_tim.o
    0x08001ff6   0x08001ff6   0x00000012   Code   RO         2446    i.TIM_ITConfig      stm32f10x_tim.o
    0x08002008   0x08002008   0x0000000c   Code   RO         2448    i.TIM_InternalClockConfig  stm32f10x_tim.o
    0x08002014   0x08002014   0x00000098   Code   RO         2450    i.TIM_OC1Init       stm32f10x_tim.o
    0x080020ac   0x080020ac   0x00000012   Code   RO         2453    i.TIM_OC1PreloadConfig  stm32f10x_tim.o
    0x080020be   0x080020be   0x00000002   PAD
    0x080020c0   0x080020c0   0x0000007c   Code   RO         2465    i.TIM_OC4Init       stm32f10x_tim.o
    0x0800213c   0x0800213c   0x0000001a   Code   RO         2467    i.TIM_OC4PreloadConfig  stm32f10x_tim.o
    0x08002156   0x08002156   0x00000014   Code   RO         2468    i.TIM_OCStructInit  stm32f10x_tim.o
    0x0800216a   0x0800216a   0x00000004   Code   RO         2482    i.TIM_SetCompare1   stm32f10x_tim.o
    0x0800216e   0x0800216e   0x00000006   Code   RO         2485    i.TIM_SetCompare4   stm32f10x_tim.o
    0x08002174   0x08002174   0x00000004   Code   RO         2486    i.TIM_SetCounter    stm32f10x_tim.o
    0x08002178   0x08002178   0x00000012   Code   RO         2487    i.TIM_SetIC1Prescaler  stm32f10x_tim.o
    0x0800218a   0x0800218a   0x0000001a   Code   RO         2488    i.TIM_SetIC2Prescaler  stm32f10x_tim.o
    0x080021a4   0x080021a4   0x00000012   Code   RO         2489    i.TIM_SetIC3Prescaler  stm32f10x_tim.o
    0x080021b6   0x080021b6   0x0000001a   Code   RO         2490    i.TIM_SetIC4Prescaler  stm32f10x_tim.o
    0x080021d0   0x080021d0   0x000000a4   Code   RO         2492    i.TIM_TimeBaseInit  stm32f10x_tim.o
    0x08002274   0x08002274   0x00000038   Code   RO         4641    i.USART1_IRQHandler  usart1.o
    0x080022ac   0x080022ac   0x00000038   Code   RO         4716    i.USART2_IRQHandler  usart2.o
    0x080022e4   0x080022e4   0x00000038   Code   RO         4412    i.USART3_IRQHandler  usart3_wabcam.o
    0x0800231c   0x0800231c   0x0000001e   Code   RO         2957    i.USART_ClearITPendingBit  stm32f10x_usart.o
    0x0800233a   0x0800233a   0x00000054   Code   RO         2964    i.USART_GetITStatus  stm32f10x_usart.o
    0x0800238e   0x0800238e   0x0000000a   Code   RO         2974    i.USART_ReceiveData  stm32f10x_usart.o
    0x08002398   0x08002398   0x00000004   Code   RO         5097    i.UsageFault_Handler  stm32f10x_it.o
    0x0800239c   0x0800239c   0x00000024   Code   RO         5205    i.__0vsprintf       mc_w.l(printfa.o)
    0x080023c0   0x080023c0   0x0000000e   Code   RO         5362    i.__scatterload_copy  mc_w.l(handlers.o)
    0x080023ce   0x080023ce   0x00000002   Code   RO         5363    i.__scatterload_null  mc_w.l(handlers.o)
    0x080023d0   0x080023d0   0x0000000e   Code   RO         5364    i.__scatterload_zeroinit  mc_w.l(handlers.o)
    0x080023de   0x080023de   0x00000002   PAD
    0x080023e0   0x080023e0   0x00000184   Code   RO         5206    i._fp_digits        mc_w.l(printfa.o)
    0x08002564   0x08002564   0x000006dc   Code   RO         5207    i._printf_core      mc_w.l(printfa.o)
    0x08002c40   0x08002c40   0x00000024   Code   RO         5208    i._printf_post_padding  mc_w.l(printfa.o)
    0x08002c64   0x08002c64   0x0000002e   Code   RO         5209    i._printf_pre_padding  mc_w.l(printfa.o)
    0x08002c92   0x08002c92   0x0000000a   Code   RO         5211    i._sputc            mc_w.l(printfa.o)
    0x08002c9c   0x08002c9c   0x00000258   Code   RO         5037    i.main              main.o
    0x08002ef4   0x08002ef4   0x00000e81   Data   RO         3651    .constdata          oled_data.o
    0x08003d75   0x08003d75   0x00000003   PAD
    0x08003d78   0x08003d78   0x00000020   Data   RO         5360    Region$$Table       anon$$obj.o


    Execution Region RW_IRAM1 (Exec base: 0x20000000, Load base: 0x08003d98, Size: 0x00000918, Max: 0x0000c000, ABSOLUTE)

    Exec Addr    Load Addr    Size         Type   Attr      Idx    E Section Name        Object

    0x20000000   0x08003d98   0x00000002   Data   RW         4423    .data               usart3_wabcam.o
    0x20000002   0x08003d9a   0x00000002   Data   RW         4652    .data               usart1.o
    0x20000004   0x08003d9c   0x00000002   Data   RW         4727    .data               usart2.o
    0x20000006   0x08003d9e   0x00000002   Data   RW         4869    .data               exti2_countsensor.o
    0x20000008   0x08003da0   0x00000110   Data   RW         5038    .data               main.o
    0x20000118        -       0x00000400   Zero   RW         3434    .bss                oled.o
    0x20000518        -       0x00000400   Zero   RW            1    STACK               startup_stm32f10x_md.o


==============================================================================

Image component sizes


      Code (inc. data)   RO Data    RW Data    ZI Data      Debug   Object Name

         0          0          0          0          0       4500   core_cm3.o
        52          8          0          2          0        671   exti2_countsensor.o
        96         18          0          0          0       1207   led.o
       872        170          0        272          0       2192   main.o
         0          0          0          0          0        464   menu.o
       132         22          0          0          0     214971   misc.o
      1584         52          0          0       1024      10637   oled.o
         0          0       3713          0          0        986   oled_data.o
       256         14          0          0          0       1064   rp.o
        36          8        236          0       1024        784   startup_stm32f10x_md.o
       394         10          0          0          0      17881   stm32f10x_adc.o
        52         12          0          0          0        996   stm32f10x_exti.o
       314          0          0          0          0      12108   stm32f10x_gpio.o
        26          0          0          0          0       3450   stm32f10x_it.o
        88         18          0          0          0       1489   stm32f10x_rcc.o
      1598        180          0          0          0      36536   stm32f10x_tim.o
       124          0          0          0          0       9062   stm32f10x_usart.o
       328         28          0          0          0      30289   system_stm32f10x.o
       180          8          0          0          0       1056   tim1_motor.o
       228         20          0          0          0       1548   tim1_pwm.o
       378         20          0          0          0       2198   tim2_4_encoder.o
       380         10          0          0          0       1741   tim3_pid.o
        56         12          0          2          0        692   usart1.o
        56         12          0          2          0        692   usart2.o
        56         12          0          2          0        716   usart3_wabcam.o

    ----------------------------------------------------------------------
      7304        634       3984        280       2048     357930   Object Totals
         0          0         32          0          0          0   (incl. Generated)
        18          0          3          0          0          0   (incl. Padding)

    ----------------------------------------------------------------------

      Code (inc. data)   RO Data    RW Data    ZI Data      Debug   Library Member Name

         0          0          0          0          0          0   entry.o
         0          0          0          0          0          0   entry10a.o
         0          0          0          0          0          0   entry11a.o
         8          4          0          0          0          0   entry2.o
         4          0          0          0          0          0   entry5.o
         0          0          0          0          0          0   entry7b.o
         0          0          0          0          0          0   entry8b.o
         8          4          0          0          0          0   entry9a.o
        30          0          0          0          0          0   handlers.o
        36          8          0          0          0         68   init.o
         0          0          0          0          0          0   iusefp.o
        30          0          0          0          0         68   llshl.o
        36          0          0          0          0         68   llsshr.o
        32          0          0          0          0         68   llushr.o
      2272         86          0          0          0        516   printfa.o
        28          0          0          0          0         76   strcmp.o
        44          0          0          0          0         80   uidiv.o
        98          0          0          0          0         92   uldiv.o
        48          0          0          0          0         68   cdcmple.o
        48          0          0          0          0         68   cdrcmple.o
        20          0          0          0          0         68   cfcmple.o
        20          0          0          0          0         68   cfrcmple.o
        56          0          0          0          0         88   d2f.o
       334          0          0          0          0        148   dadd.o
       222          0          0          0          0        100   ddiv.o
       186          0          0          0          0        176   depilogue.o
        48          0          0          0          0         68   dfixul.o
        26          0          0          0          0         76   dfltui.o
       228          0          0          0          0         96   dmul.o
        38          0          0          0          0         68   f2d.o
       176          0          0          0          0        140   fadd.o
       124          0          0          0          0         88   fdiv.o
       110          0          0          0          0        168   fepilogue.o
        50          0          0          0          0         68   ffixi.o
        18          0          0          0          0         68   fflti.o
       100          0          0          0          0         76   fmul.o

    ----------------------------------------------------------------------
      4480        102          0          0          0       2736   Library Totals
         2          0          0          0          0          0   (incl. Padding)

    ----------------------------------------------------------------------

      Code (inc. data)   RO Data    RW Data    ZI Data      Debug   Library Name

      2626        102          0          0          0       1036   mc_w.l
      1852          0          0          0          0       1700   mf_w.l

    ----------------------------------------------------------------------
      4480        102          0          0          0       2736   Library Totals

    ----------------------------------------------------------------------

==============================================================================


      Code (inc. data)   RO Data    RW Data    ZI Data      Debug   

     11784        736       3984        280       2048     354058   Grand Totals
     11784        736       3984        280       2048     354058   ELF Image Totals
     11784        736       3984        280          0          0   ROM Totals

==============================================================================

    Total RO  Size (Code + RO Data)                15768 (  15.40kB)
    Total RW  Size (RW Data + ZI Data)              2328 (   2.27kB)
    Total ROM Size (Code + RO Data + RW Data)      16048 (  15.67kB)

==============================================================================

